<html>
<body>
<pre>
<h1>µVision Build Log</h1>
<h2>Tool Versions:</h2>
IDE-Version: µVision V5.39.0.0
Copyright (C) 2023 ARM Ltd and ARM Germany GmbH. All rights reserved.
License Information: THI THI, THI, LIC=----
 
Tool Versions:
Toolchain:       MDK-Lite  Version: 5.39.0.0
Toolchain Path:  C:\Keil_v5\ARM\ARMCLANG\Bin
C Compiler:      ArmClang.exe V6.21
Assembler:       Armasm.exe V6.21
Linker/Locator:  ArmLink.exe V6.21
Library Manager: ArmAr.exe V6.21
Hex Converter:   FromElf.exe V6.21
CPU DLL:         SARMCM3.DLL V5.39.0.0
Dialog DLL:      DCM.DLL V1.17.5.0
Target DLL:      STLink\ST-LINKIII-KEIL_SWO.dll V3.2.0.0
Dialog DLL:      TCM.DLL V1.56.4.0
 
<h2>Project:</h2>
H:\MC_Praktikum_2024_V1.5\mc-praktikum-2\MC_Praktikum.uvprojx
Project File Date:  04/25/2024

<h2>Output:</h2>
*** Using Compiler 'V6.21', folder: 'C:\Keil_v5\ARM\ARMCLANG\Bin'
Rebuild target 'Discovery Board - RAM'
assembling startup_stm32f407xx.s...
compiling _mcpr_stm32f407.c...
RTE/Device/STM32F407VGTx/system_stm32f4xx.c(263): warning: unsafe buffer access [-Wunsafe-buffer-usage]
  263 |   tmp = AHBPrescTable[((RCC->CFGR & RCC_CFGR_HPRE) >> 4)];
      |         ^~~~~~~~~~~~~
1 warning generated.
compiling system_stm32f4xx.c...
main.c(17): warning: no previous extern declaration for non-static variable 'ms_counter' [-Wmissing-variable-declarations]
   17 | uint32_t ms_counter = 0;
      |          ^
main.c(17): note: declare 'static' if the variable is not intended to be used outside of this translation unit
   17 | uint32_t ms_counter = 0;
      | ^
main.c(18): warning: no previous extern declaration for non-static variable 'delay' [-Wmissing-variable-declarations]
   18 | const uint16_t delay = 50;
      |                ^
main.c(18): note: declare 'static' if the variable is not intended to be used outside of this translation unit
   18 | const uint16_t delay = 50;
      |       ^
main.c(19): warning: no previous extern declaration for non-static variable 'brightness' [-Wmissing-variable-declarations]
   19 | int brightness = 100; //Helligkeit von 000 - 999 (ARR)
      |     ^
main.c(19): note: declare 'static' if the variable is not intended to be used outside of this translation unit
   19 | int brightness = 100; //Helligkeit von 000 - 999 (ARR)
      | ^
main.c(71): warning: unused variable 'i' [-Wunused-variable]
   71 |         uint32_t i = 0;
      |                  ^
main.c(124): warning: 'return' will never be executed [-Wunreachable-code-return]
  124 |     return 0;
      |            ^
main.c(88): warning: unsafe buffer access [-Wunsafe-buffer-usage]
   88 |         GPIOD->AFR[1] |= (2<<20); 
      |         ^~~~~~~~~~
C:/bin/Keil/STM32F4xx_DFP/2.17.1/Drivers/CMSIS/Device/ST/STM32F4xx/Include/stm32f407xx.h(1105): note: expanded from macro 'GPIOD'
 1105 | #define GPIOD               ((GPIO_TypeDef *) GPIOD_BASE)
      |                             ^
6 warnings generated.
compiling main.c...
linking...
Program Size: Code=1668 RO-data=440 RW-data=4 ZI-data=1644  
".\Objects\MCPraktikum.axf" - 0 Error(s), 7 Warning(s).

<h2>Software Packages used:</h2>

Package Vendor: ARM
                http://www.keil.com/pack/ARM.CMSIS.5.9.0.pack
                ARM::CMSIS@5.9.0
                CMSIS (Common Microcontroller Software Interface Standard)
   * Component: CORE Version: 5.6.0

Package Vendor: Keil
                https://www.keil.com/pack/Keil.STM32F4xx_DFP.2.17.1.pack
                Keil::STM32F4xx_DFP@2.17.1
                STMicroelectronics STM32F4 Series Device Support, Drivers and Examples
   * Component: Startup Version: 2.6.3

<h2>Collection of Component include folders:</h2>
  ./RTE/_Discovery_Board_-_RAM
  C:/bin/Arm/CMSIS/5.9.0/CMSIS/Core/Include
  C:/bin/Keil/STM32F4xx_DFP/2.17.1/Drivers/CMSIS/Device/ST/STM32F4xx/Include

<h2>Collection of Component Files used:</h2>

   * Component: ARM::CMSIS:CORE@5.6.0

   * Component: Keil::Device:Startup@2.6.3
      Source file:   MDK/Device/Source/ARM/STM32F40xxx_41xxx_OPT.s
      Include file:  Drivers/CMSIS/Device/ST/STM32F4xx/Include/stm32f4xx.h
      Source file:   Drivers/CMSIS/Device/ST/STM32F4xx/Source/Templates/arm/startup_stm32f407xx.s
      Source file:   MDK/Device/Source/ARM/STM32F4xx_OTP.s
      Source file:   Drivers/CMSIS/Device/ST/STM32F4xx/Source/Templates/system_stm32f4xx.c
Build Time Elapsed:  00:00:01
</pre>
</body>
</html>
