Component: Arm Compiler for Embedded 6.21 Tool: armlink [5ec1fa00]

==============================================================================

Section Cross References

    main.o(.ARM.exidx.text.LEDs_InitPorts) refers to main.o(.text.LEDs_InitPorts) for [Anonymous Symbol]
    main.o(.text.TIM7_IRQHandler) refers to main.o(.bss.ms_counter) for ms_counter
    main.o(.ARM.exidx.text.TIM7_IRQHandler) refers to main.o(.text.TIM7_IRQHandler) for [Anonymous Symbol]
    main.o(.text.Timer_init) refers to main.o(.text.__NVIC_SetPriority) for __NVIC_SetPriority
    main.o(.text.Timer_init) refers to main.o(.text.__NVIC_EnableIRQ) for __NVIC_EnableIRQ
    main.o(.ARM.exidx.text.Timer_init) refers to main.o(.text.Timer_init) for [Anonymous Symbol]
    main.o(.ARM.exidx.text.__NVIC_SetPriority) refers to main.o(.text.__NVIC_SetPriority) for [Anonymous Symbol]
    main.o(.ARM.exidx.text.__NVIC_EnableIRQ) refers to main.o(.text.__NVIC_EnableIRQ) for [Anonymous Symbol]
    main.o(.ARM.exidx.text.LCD_Output16BitWord) refers to main.o(.text.LCD_Output16BitWord) for [Anonymous Symbol]
    main.o(.text.LEDs_Write) refers to main.o(.text.LCD_Output16BitWord) for LCD_Output16BitWord
    main.o(.text.LEDs_Write) refers to main.o(.text.u_delay) for u_delay
    main.o(.ARM.exidx.text.LEDs_Write) refers to main.o(.text.LEDs_Write) for [Anonymous Symbol]
    main.o(.ARM.exidx.text.u_delay) refers to main.o(.text.u_delay) for [Anonymous Symbol]
    main.o(.text.Run_LEDs) refers to main.o(.text.LEDs_Write) for LEDs_Write
    main.o(.text.Run_LEDs) refers to main.o(.text.u_delay) for u_delay
    main.o(.ARM.exidx.text.Run_LEDs) refers to main.o(.text.Run_LEDs) for [Anonymous Symbol]
    main.o(.text.wait_ms) refers to main.o(.bss.ms_counter) for ms_counter
    main.o(.ARM.exidx.text.wait_ms) refers to main.o(.text.wait_ms) for [Anonymous Symbol]
    main.o(.ARM.exidx.text.switch_int) refers to main.o(.text.switch_int) for [Anonymous Symbol]
    main.o(.text.main) refers to main.o(.bss.ms_since_last_press) for ms_since_last_press
    main.o(.text.main) refers to main.o(.bss.ms_led_counter) for ms_led_counter
    main.o(.text.main) refers to main.o(.bss.led_status) for led_status
    main.o(.text.main) refers to _mcpr_stm32f407.o(.text.mcpr_SetSystemCoreClock) for mcpr_SetSystemCoreClock
    main.o(.text.main) refers to main.o(.text.LEDs_InitPorts) for LEDs_InitPorts
    main.o(.text.main) refers to main.o(.text.Timer_init) for Timer_init
    main.o(.text.main) refers to display.o(.text.LCD_Init) for LCD_Init
    main.o(.text.main) refers to display.o(.text.LCD_ClearDisplay) for LCD_ClearDisplay
    main.o(.text.main) refers to main.o(.bss.ms_counter) for ms_counter
    main.o(.text.main) refers to main.o(.text.switch_int) for switch_int
    main.o(.text.main) refers to main.o(.bss.disp_sec) for disp_sec
    main.o(.text.main) refers to main.o(.rodata.str1.1) for .L.str
    main.o(.text.main) refers to sprintf.o(.text) for sprintf
    main.o(.ARM.exidx.text.main) refers to main.o(.text.main) for [Anonymous Symbol]
    _mcpr_stm32f407.o(.text.mcpr_SetSystemCoreClock) refers to _mcpr_stm32f407.o(.text.mcpr_SetSysClock) for mcpr_SetSysClock
    _mcpr_stm32f407.o(.text.mcpr_SetSystemCoreClock) refers to system_stm32f4xx.o(.text.SystemCoreClockUpdate) for SystemCoreClockUpdate
    _mcpr_stm32f407.o(.ARM.exidx.text.mcpr_SetSystemCoreClock) refers to _mcpr_stm32f407.o(.text.mcpr_SetSystemCoreClock) for [Anonymous Symbol]
    _mcpr_stm32f407.o(.text.mcpr_SetSysClock) refers to system_stm32f4xx.o(.data.SystemCoreClock) for SystemCoreClock
    _mcpr_stm32f407.o(.ARM.exidx.text.mcpr_SetSysClock) refers to _mcpr_stm32f407.o(.text.mcpr_SetSysClock) for [Anonymous Symbol]
    _mcpr_stm32f407.o(.text.mcpr_ConfigSystemTick) refers to system_stm32f4xx.o(.data.SystemCoreClock) for SystemCoreClock
    _mcpr_stm32f407.o(.text.mcpr_ConfigSystemTick) refers to _mcpr_stm32f407.o(.text.SysTick_Config) for SysTick_Config
    _mcpr_stm32f407.o(.ARM.exidx.text.mcpr_ConfigSystemTick) refers to _mcpr_stm32f407.o(.text.mcpr_ConfigSystemTick) for [Anonymous Symbol]
    _mcpr_stm32f407.o(.text.SysTick_Config) refers to _mcpr_stm32f407.o(.text.__NVIC_SetPriority) for __NVIC_SetPriority
    _mcpr_stm32f407.o(.ARM.exidx.text.SysTick_Config) refers to _mcpr_stm32f407.o(.text.SysTick_Config) for [Anonymous Symbol]
    _mcpr_stm32f407.o(.text.mcpr_SetSysClockTick) refers to _mcpr_stm32f407.o(.text.mcpr_SetSystemCoreClock) for mcpr_SetSystemCoreClock
    _mcpr_stm32f407.o(.text.mcpr_SetSysClockTick) refers to _mcpr_stm32f407.o(.text.mcpr_ConfigSystemTick) for mcpr_ConfigSystemTick
    _mcpr_stm32f407.o(.ARM.exidx.text.mcpr_SetSysClockTick) refers to _mcpr_stm32f407.o(.text.mcpr_SetSysClockTick) for [Anonymous Symbol]
    _mcpr_stm32f407.o(.ARM.exidx.text.__NVIC_SetPriority) refers to _mcpr_stm32f407.o(.text.__NVIC_SetPriority) for [Anonymous Symbol]
    display.o(.ARM.exidx.text.wait_us) refers to display.o(.text.wait_us) for [Anonymous Symbol]
[...]
    ../clib/angel/kernel.s                   0x00000000   Number         0  __rtentry2.o ABSOLUTE
    ../clib/angel/kernel.s                   0x00000000   Number         0  __rtentry4.o ABSOLUTE
    ../clib/angel/kernel.s                   0x00000000   Number         0  rtexit.o ABSOLUTE
    ../clib/angel/kernel.s                   0x00000000   Number         0  rtexit2.o ABSOLUTE
    ../clib/angel/rt.s                       0x00000000   Number         0  rt_ctype_table.o ABSOLUTE
    ../clib/angel/rt.s                       0x00000000   Number         0  rt_locale.o ABSOLUTE
    ../clib/angel/rt.s                       0x00000000   Number         0  rt_locale_intlibspace.o ABSOLUTE
    ../clib/angel/rt.s                       0x00000000   Number         0  rt_raise.o ABSOLUTE
    ../clib/angel/scatter.s                  0x00000000   Number         0  __scatter.o ABSOLUTE
    ../clib/angel/startup.s                  0x00000000   Number         0  __main.o ABSOLUTE
    ../clib/angel/sys.s                      0x00000000   Number         0  sys_stackheap_outer.o ABSOLUTE
    ../clib/angel/sys.s                      0x00000000   Number         0  libspace.o ABSOLUTE
    ../clib/angel/sys.s                      0x00000000   Number         0  use_no_semi.o ABSOLUTE
    ../clib/angel/sys.s                      0x00000000   Number         0  indicate_semi.o ABSOLUTE
    ../clib/angel/sysapp.c                   0x00000000   Number         0  sys_exit.o ABSOLUTE
    ../clib/angel/sysapp.c                   0x00000000   Number         0  sys_exit_hlt.o ABSOLUTE
    ../clib/angel/sysapp.c                   0x00000000   Number         0  sys_command.o ABSOLUTE
    ../clib/angel/sysapp.c                   0x00000000   Number         0  sys_command_hlt.o ABSOLUTE
    ../clib/angel/sysapp.c                   0x00000000   Number         0  sys_wrch.o ABSOLUTE
    ../clib/angel/sysapp.c                   0x00000000   Number         0  sys_wrch_hlt.o ABSOLUTE
    ../clib/armsys.c                         0x00000000   Number         0  argv_veneer.o ABSOLUTE
    ../clib/armsys.c                         0x00000000   Number         0  argv_veneer.o ABSOLUTE
    ../clib/armsys.c                         0x00000000   Number         0  _get_argv_nomalloc.o ABSOLUTE
    ../clib/armsys.c                         0x00000000   Number         0  no_argv.o ABSOLUTE
    ../clib/bigflt.c                         0x00000000   Number         0  bigflt0.o ABSOLUTE
    ../clib/btod.s                           0x00000000   Number         0  btod.o ABSOLUTE
    ../clib/btod_accurate.c                  0x00000000   Number         0  btod_accurate.o ABSOLUTE
    ../clib/btod_accurate.c                  0x00000000   Number         0  btod_accurate_common.o ABSOLUTE
    ../clib/heapalloc.c                      0x00000000   Number         0  hrguard.o ABSOLUTE
    ../clib/heapaux.c                        0x00000000   Number         0  heapauxi.o ABSOLUTE
    ../clib/libinit.s                        0x00000000   Number         0  libinit.o ABSOLUTE
    ../clib/libinit.s                        0x00000000   Number         0  libinit2.o ABSOLUTE
    ../clib/libinit.s                        0x00000000   Number         0  libshutdown.o ABSOLUTE
    ../clib/libinit.s                        0x00000000   Number         0  libshutdown2.o ABSOLUTE
    ../clib/locale.c                         0x00000000   Number         0  _c32rtomb.o ABSOLUTE
    ../clib/locale.s                         0x00000000   Number         0  lc_numeric_c.o ABSOLUTE
    ../clib/locale.s                         0x00000000   Number         0  lc_ctype_c.o ABSOLUTE
    ../clib/longlong.s                       0x00000000   Number         0  lludiv10.o ABSOLUTE
    ../clib/longlong.s                       0x00000000   Number         0  llushr.o ABSOLUTE
    ../clib/memcpset.s                       0x00000000   Number         0  strcmpv7em.o ABSOLUTE
    ../clib/misc.s                           0x00000000   Number         0  printf_stubs.o ABSOLUTE
    ../clib/printf.c                         0x00000000   Number         0  sprintf.o ABSOLUTE
    ../clib/printf.c                         0x00000000   Number         0  __printf.o ABSOLUTE
    ../clib/printf.c                         0x00000000   Number         0  _printf_pad.o ABSOLUTE
    ../clib/printf.c                         0x00000000   Number         0  _printf_truncate.o ABSOLUTE
    ../clib/printf.c                         0x00000000   Number         0  _printf_str.o ABSOLUTE
    ../clib/printf.c                         0x00000000   Number         0  _printf_dec.o ABSOLUTE
    ../clib/printf.c                         0x00000000   Number         0  _printf_charcount.o ABSOLUTE
    ../clib/printf.c                         0x00000000   Number         0  _printf_char_common.o ABSOLUTE
    ../clib/printf.c                         0x00000000   Number         0  _sputc.o ABSOLUTE
    ../clib/printf.c                         0x00000000   Number         0  _printf_wctomb.o ABSOLUTE
    ../clib/printf.c                         0x00000000   Number         0  _printf_longlong_dec.o ABSOLUTE
    ../clib/printf.c                         0x00000000   Number         0  _printf_oct_ll.o ABSOLUTE
    ../clib/printf.c                         0x00000000   Number         0  _printf_oct_int.o ABSOLUTE
    ../clib/printf.c                         0x00000000   Number         0  _printf_oct_int_ll.o ABSOLUTE
    ../clib/printf.c                         0x00000000   Number         0  _printf_hex_ll.o ABSOLUTE
    ../clib/printf.c                         0x00000000   Number         0  _printf_hex_int.o ABSOLUTE
    ../clib/printf.c                         0x00000000   Number         0  _printf_hex_int_ll.o ABSOLUTE
    ../clib/printf.c                         0x00000000   Number         0  _printf_hex_ptr.o ABSOLUTE
    ../clib/printf.c                         0x00000000   Number         0  _printf_hex_int_ptr.o ABSOLUTE
    ../clib/printf.c                         0x00000000   Number         0  _printf_hex_ll_ptr.o ABSOLUTE
    ../clib/printf.c                         0x00000000   Number         0  _printf_hex_int_ll_ptr.o ABSOLUTE
    ../clib/printf.c                         0x00000000   Number         0  __printf_flags.o ABSOLUTE
    ../clib/printf.c                         0x00000000   Number         0  __printf_ss.o ABSOLUTE
    ../clib/printf.c                         0x00000000   Number         0  __printf_flags_ss.o ABSOLUTE
    ../clib/printf.c                         0x00000000   Number         0  __printf_wp.o ABSOLUTE
    ../clib/printf.c                         0x00000000   Number         0  __printf_flags_wp.o ABSOLUTE
    ../clib/printf.c                         0x00000000   Number         0  __printf_ss_wp.o ABSOLUTE
    ../clib/printf.c                         0x00000000   Number         0  __printf_flags_ss_wp.o ABSOLUTE
    ../clib/printf.c                         0x00000000   Number         0  _printf_intcommon.o ABSOLUTE
    ../clib/printf.c                         0x00000000   Number         0  _printf_fp_dec.o ABSOLUTE
    ../clib/printf.c                         0x00000000   Number         0  _printf_fp_dec_accurate.o ABSOLUTE
    ../clib/printf.c                         0x00000000   Number         0  _printf_fp_hex.o ABSOLUTE
    ../clib/printf.c                         0x00000000   Number         0  __printf_nopercent.o ABSOLUTE
    ../clib/printf.c                         0x00000000   Number         0  _printf_char.o ABSOLUTE
    ../clib/printf.c                         0x00000000   Number         0  _printf_wchar.o ABSOLUTE
    ../clib/printf.c                         0x00000000   Number         0  _printf_fp_infnan.o ABSOLUTE
    ../clib/printf_percent.s                 0x00000000   Number         0  _printf_c.o ABSOLUTE
    ../clib/printf_percent.s                 0x00000000   Number         0  _printf_s.o ABSOLUTE
    ../clib/printf_percent.s                 0x00000000   Number         0  _printf_n.o ABSOLUTE
    ../clib/printf_percent.s                 0x00000000   Number         0  _printf_x.o ABSOLUTE
    ../clib/printf_percent.s                 0x00000000   Number         0  _printf_p.o ABSOLUTE
    ../clib/printf_percent.s                 0x00000000   Number         0  _printf_o.o ABSOLUTE
    ../clib/printf_percent.s                 0x00000000   Number         0  _printf_i.o ABSOLUTE
    ../clib/printf_percent.s                 0x00000000   Number         0  _printf_d.o ABSOLUTE
    ../clib/printf_percent.s                 0x00000000   Number         0  _printf_u.o ABSOLUTE
    ../clib/printf_percent.s                 0x00000000   Number         0  _printf_f.o ABSOLUTE
    ../clib/printf_percent.s                 0x00000000   Number         0  _printf_e.o ABSOLUTE
    ../clib/printf_percent.s                 0x00000000   Number         0  _printf_g.o ABSOLUTE
    ../clib/printf_percent.s                 0x00000000   Number         0  _printf_a.o ABSOLUTE
    ../clib/printf_percent.s                 0x00000000   Number         0  _printf_percent.o ABSOLUTE
    ../clib/printf_percent.s                 0x00000000   Number         0  _printf_lli.o ABSOLUTE
    ../clib/printf_percent.s                 0x00000000   Number         0  _printf_lld.o ABSOLUTE
    ../clib/printf_percent.s                 0x00000000   Number         0  _printf_llu.o ABSOLUTE
    ../clib/printf_percent.s                 0x00000000   Number         0  _printf_ll.o ABSOLUTE
    ../clib/printf_percent.s                 0x00000000   Number         0  _printf_l.o ABSOLUTE
    ../clib/printf_percent.s                 0x00000000   Number         0  _printf_lc.o ABSOLUTE
    ../clib/printf_percent.s                 0x00000000   Number         0  _printf_ls.o ABSOLUTE
    ../clib/printf_percent.s                 0x00000000   Number         0  _printf_llo.o ABSOLUTE
    ../clib/printf_percent.s                 0x00000000   Number         0  _printf_llx.o ABSOLUTE
    ../clib/printf_percent.s                 0x00000000   Number         0  _printf_percent_end.o ABSOLUTE
    ../clib/signal.c                         0x00000000   Number         0  defsig_rtmem_outer.o ABSOLUTE
    ../clib/signal.c                         0x00000000   Number         0  defsig_rtmem_formal.o ABSOLUTE
    ../clib/signal.c                         0x00000000   Number         0  defsig_exit.o ABSOLUTE
    ../clib/signal.c                         0x00000000   Number         0  defsig_rtmem_inner.o ABSOLUTE
    ../clib/signal.c                         0x00000000   Number         0  __raise.o ABSOLUTE
    ../clib/signal.c                         0x00000000   Number         0  defsig_general.o ABSOLUTE
    ../clib/signal.c                         0x00000000   Number         0  defsig_abrt_inner.o ABSOLUTE
    ../clib/signal.c                         0x00000000   Number         0  defsig_fpe_inner.o ABSOLUTE
    ../clib/signal.c                         0x00000000   Number         0  defsig_rtred_inner.o ABSOLUTE
    ../clib/signal.c                         0x00000000   Number         0  defsig_stak_inner.o ABSOLUTE
    ../clib/signal.c                         0x00000000   Number         0  defsig_pvfn_inner.o ABSOLUTE
    ../clib/signal.c                         0x00000000   Number         0  defsig_cppl_inner.o ABSOLUTE
    ../clib/signal.c                         0x00000000   Number         0  defsig_segv_inner.o ABSOLUTE
    ../clib/signal.c                         0x00000000   Number         0  defsig_other.o ABSOLUTE
    ../clib/signal.s                         0x00000000   Number         0  defsig.o ABSOLUTE
    ../clib/stdlib.c                         0x00000000   Number         0  exit.o ABSOLUTE
    ../fplib/fpinit.s                        0x00000000   Number         0  fpinit.o ABSOLUTE
    ../fplib/istatus.s                       0x00000000   Number         0  istatus.o ABSOLUTE
    ../fplib/printf1.s                       0x00000000   Number         0  printf1.o ABSOLUTE
    ../fplib/printf2.s                       0x00000000   Number         0  printf2.o ABSOLUTE
    ../fplib/printf2a.s                      0x00000000   Number         0  printf2a.o ABSOLUTE
    ../fplib/printf2b.s                      0x00000000   Number         0  printf2b.o ABSOLUTE
    ../fplib/usenofp.s                       0x00000000   Number         0  usenofp.o ABSOLUTE
    ../mathlib/fpclassify.c                  0x00000000   Number         0  fpclassify.o ABSOLUTE
    RTE/Device/STM32F407VGTx/startup_stm32f407xx.s 0x00000000   Number         0  startup_stm32f407xx.o ABSOLUTE
    _mcpr_stm32f407.c                        0x00000000   Number         0  _mcpr_stm32f407.o ABSOLUTE
    dc.s                                     0x00000000   Number         0  dc.o ABSOLUTE
    display_simple.c                         0x00000000   Number         0  display.o ABSOLUTE
    main.c                                   0x00000000   Number         0  main.o ABSOLUTE
    system_stm32f4xx.c                       0x00000000   Number         0  system_stm32f4xx.o ABSOLUTE
    RESET                                    0x20000000   Section      392  startup_stm32f407xx.o(RESET)
    !!!main                                  0x20000188   Section        8  __main.o(!!!main)
    !!!scatter                               0x20000190   Section       92  __scatter.o(!!!scatter)
    !!handler_copy                           0x200001ec   Section       26  __scatter_copy.o(!!handler_copy)
    !!handler_null                           0x20000208   Section        2  __scatter.o(!!handler_null)
    !!handler_zi                             0x2000020c   Section       28  __scatter_zi.o(!!handler_zi)
    .ARM.Collect$$_printf_percent$$00000000  0x20000228   Section        0  _printf_percent.o(.ARM.Collect$$_printf_percent$$00000000)
    .ARM.Collect$$_printf_percent$$00000001  0x20000228   Section        6  _printf_n.o(.ARM.Collect$$_printf_percent$$00000001)
    .ARM.Collect$$_printf_percent$$00000002  0x2000022e   Section        6  _printf_p.o(.ARM.Collect$$_printf_percent$$00000002)
    .ARM.Collect$$_printf_percent$$00000003  0x20000234   Section        6  _printf_f.o(.ARM.Collect$$_printf_percent$$00000003)
    .ARM.Collect$$_printf_percent$$00000004  0x2000023a   Section        6  _printf_e.o(.ARM.Collect$$_printf_percent$$00000004)
    .ARM.Collect$$_printf_percent$$00000005  0x20000240   Section        6  _printf_g.o(.ARM.Collect$$_printf_percent$$00000005)
    .ARM.Collect$$_printf_percent$$00000006  0x20000246   Section        6  _printf_a.o(.ARM.Collect$$_printf_percent$$00000006)
    .ARM.Collect$$_printf_percent$$00000007  0x2000024c   Section       10  _printf_ll.o(.ARM.Collect$$_printf_percent$$00000007)
    .ARM.Collect$$_printf_percent$$00000008  0x20000256   Section        6  _printf_i.o(.ARM.Collect$$_printf_percent$$00000008)
    .ARM.Collect$$_printf_percent$$00000009  0x2000025c   Section        6  _printf_d.o(.ARM.Collect$$_printf_percent$$00000009)
    .ARM.Collect$$_printf_percent$$0000000A  0x20000262   Section        6  _printf_u.o(.ARM.Collect$$_printf_percent$$0000000A)
    .ARM.Collect$$_printf_percent$$0000000B  0x20000268   Section        6  _printf_o.o(.ARM.Collect$$_printf_percent$$0000000B)
    .ARM.Collect$$_printf_percent$$0000000C  0x2000026e   Section        6  _printf_x.o(.ARM.Collect$$_printf_percent$$0000000C)
    .ARM.Collect$$_printf_percent$$0000000D  0x20000274   Section        6  _printf_lli.o(.ARM.Collect$$_printf_percent$$0000000D)
    .ARM.Collect$$_printf_percent$$0000000E  0x2000027a   Section        6  _printf_lld.o(.ARM.Collect$$_printf_percent$$0000000E)
    .ARM.Collect$$_printf_percent$$0000000F  0x20000280   Section        6  _printf_llu.o(.ARM.Collect$$_printf_percent$$0000000F)
    .ARM.Collect$$_printf_percent$$00000010  0x20000286   Section        6  _printf_llo.o(.ARM.Collect$$_printf_percent$$00000010)
    .ARM.Collect$$_printf_percent$$00000011  0x2000028c   Section        6  _printf_llx.o(.ARM.Collect$$_printf_percent$$00000011)
    .ARM.Collect$$_printf_percent$$00000012  0x20000292   Section       10  _printf_l.o(.ARM.Collect$$_printf_percent$$00000012)
    .ARM.Collect$$_printf_percent$$00000013  0x2000029c   Section        6  _printf_c.o(.ARM.Collect$$_printf_percent$$00000013)
    .ARM.Collect$$_printf_percent$$00000014  0x200002a2   Section        6  _printf_s.o(.ARM.Collect$$_printf_percent$$00000014)
    .ARM.Collect$$_printf_percent$$00000015  0x200002a8   Section        6  _printf_lc.o(.ARM.Collect$$_printf_percent$$00000015)
    .ARM.Collect$$_printf_percent$$00000016  0x200002ae   Section        6  _printf_ls.o(.ARM.Collect$$_printf_percent$$00000016)
    .ARM.Collect$$_printf_percent$$00000017  0x200002b4   Section        4  _printf_percent_end.o(.ARM.Collect$$_printf_percent$$00000017)
    .ARM.Collect$$libinit$$00000000          0x200002b8   Section        2  libinit.o(.ARM.Collect$$libinit$$00000000)
    .ARM.Collect$$libinit$$00000001          0x200002ba   Section        4  libinit2.o(.ARM.Collect$$libinit$$00000001)
    .ARM.Collect$$libinit$$00000004          0x200002be   Section        0  libinit2.o(.ARM.Collect$$libinit$$00000004)
    .ARM.Collect$$libinit$$00000006          0x200002be   Section        0  libinit2.o(.ARM.Collect$$libinit$$00000006)
    .ARM.Collect$$libinit$$0000000C          0x200002be   Section        0  libinit2.o(.ARM.Collect$$libinit$$0000000C)
    .ARM.Collect$$libinit$$0000000E          0x200002be   Section        0  libinit2.o(.ARM.Collect$$libinit$$0000000E)
    .ARM.Collect$$libinit$$00000010          0x200002be   Section        0  libinit2.o(.ARM.Collect$$libinit$$00000010)
    .ARM.Collect$$libinit$$00000011          0x200002be   Section        6  libinit2.o(.ARM.Collect$$libinit$$00000011)
    .ARM.Collect$$libinit$$00000013          0x200002c4   Section        0  libinit2.o(.ARM.Collect$$libinit$$00000013)
    .ARM.Collect$$libinit$$00000014          0x200002c4   Section       12  libinit2.o(.ARM.Collect$$libinit$$00000014)
    .ARM.Collect$$libinit$$00000015          0x200002d0   Section        0  libinit2.o(.ARM.Collect$$libinit$$00000015)
    .ARM.Collect$$libinit$$00000017          0x200002d0   Section        0  libinit2.o(.ARM.Collect$$libinit$$00000017)
    .ARM.Collect$$libinit$$00000018          0x200002d0   Section       10  libinit2.o(.ARM.Collect$$libinit$$00000018)
    .ARM.Collect$$libinit$$00000019          0x200002da   Section        0  libinit2.o(.ARM.Collect$$libinit$$00000019)
    .ARM.Collect$$libinit$$0000001B          0x200002da   Section        0  libinit2.o(.ARM.Collect$$libinit$$0000001B)
    .ARM.Collect$$libinit$$0000001D          0x200002da   Section        0  libinit2.o(.ARM.Collect$$libinit$$0000001D)
    .ARM.Collect$$libinit$$0000001F          0x200002da   Section        0  libinit2.o(.ARM.Collect$$libinit$$0000001F)
    .ARM.Collect$$libinit$$00000021          0x200002da   Section        0  libinit2.o(.ARM.Collect$$libinit$$00000021)
    .ARM.Collect$$libinit$$00000023          0x200002da   Section        0  libinit2.o(.ARM.Collect$$libinit$$00000023)
    .ARM.Collect$$libinit$$00000025          0x200002da   Section        0  libinit2.o(.ARM.Collect$$libinit$$00000025)
    .ARM.Collect$$libinit$$00000027          0x200002da   Section        0  libinit2.o(.ARM.Collect$$libinit$$00000027)
    .ARM.Collect$$libinit$$0000002E          0x200002da   Section        0  libinit2.o(.ARM.Collect$$libinit$$0000002E)
    .ARM.Collect$$libinit$$00000030          0x200002da   Section        0  libinit2.o(.ARM.Collect$$libinit$$00000030)
    .ARM.Collect$$libinit$$00000032          0x200002da   Section        0  libinit2.o(.ARM.Collect$$libinit$$00000032)
    .ARM.Collect$$libinit$$00000034          0x200002da   Section        0  libinit2.o(.ARM.Collect$$libinit$$00000034)
    .ARM.Collect$$libinit$$00000035          0x200002da   Section        2  libinit2.o(.ARM.Collect$$libinit$$00000035)
    .ARM.Collect$$libshutdown$$00000000      0x200002dc   Section        2  libshutdown.o(.ARM.Collect$$libshutdown$$00000000)
    .ARM.Collect$$libshutdown$$00000002      0x200002de   Section        0  libshutdown2.o(.ARM.Collect$$libshutdown$$00000002)
    .ARM.Collect$$libshutdown$$00000004      0x200002de   Section        0  libshutdown2.o(.ARM.Collect$$libshutdown$$00000004)
    .ARM.Collect$$libshutdown$$00000007      0x200002de   Section        0  libshutdown2.o(.ARM.Collect$$libshutdown$$00000007)
    .ARM.Collect$$libshutdown$$0000000A      0x200002de   Section        0  libshutdown2.o(.ARM.Collect$$libshutdown$$0000000A)
    .ARM.Collect$$libshutdown$$0000000C      0x200002de   Section        0  libshutdown2.o(.ARM.Collect$$libshutdown$$0000000C)
    .ARM.Collect$$libshutdown$$0000000F      0x200002de   Section        0  libshutdown2.o(.ARM.Collect$$libshutdown$$0000000F)
    .ARM.Collect$$libshutdown$$00000010      0x200002de   Section        2  libshutdown2.o(.ARM.Collect$$libshutdown$$00000010)
    .ARM.Collect$$rtentry$$00000000          0x200002e0   Section        0  __rtentry.o(.ARM.Collect$$rtentry$$00000000)
    .ARM.Collect$$rtentry$$00000002          0x200002e0   Section        0  __rtentry2.o(.ARM.Collect$$rtentry$$00000002)
    .ARM.Collect$$rtentry$$00000004          0x200002e0   Section        6  __rtentry4.o(.ARM.Collect$$rtentry$$00000004)
    .ARM.Collect$$rtentry$$00000009          0x200002e6   Section        0  __rtentry2.o(.ARM.Collect$$rtentry$$00000009)
    .ARM.Collect$$rtentry$$0000000A          0x200002e6   Section        4  __rtentry2.o(.ARM.Collect$$rtentry$$0000000A)
    .ARM.Collect$$rtentry$$0000000C          0x200002ea   Section        0  __rtentry2.o(.ARM.Collect$$rtentry$$0000000C)
    .ARM.Collect$$rtentry$$0000000D          0x200002ea   Section        8  __rtentry2.o(.ARM.Collect$$rtentry$$0000000D)
    .ARM.Collect$$rtexit$$00000000           0x200002f2   Section        2  rtexit.o(.ARM.Collect$$rtexit$$00000000)
    .ARM.Collect$$rtexit$$00000002           0x200002f4   Section        0  rtexit2.o(.ARM.Collect$$rtexit$$00000002)
    .ARM.Collect$$rtexit$$00000003           0x200002f4   Section        4  rtexit2.o(.ARM.Collect$$rtexit$$00000003)
    .ARM.Collect$$rtexit$$00000004           0x200002f8   Section        6  rtexit2.o(.ARM.Collect$$rtexit$$00000004)
    $v0                                      0x20000300   Number         0  startup_stm32f407xx.o(.text)
    .text                                    0x20000300   Section       64  startup_stm32f407xx.o(.text)
    .text                                    0x20000340   Section        0  sprintf.o(.text)
    .text                                    0x2000036c   Section        0  heapauxi.o(.text)
    .text                                    0x20000372   Section        0  _printf_pad.o(.text)
    .text                                    0x200003c0   Section        0  _printf_truncate.o(.text)
    .text                                    0x200003e4   Section        0  _printf_str.o(.text)
    .text                                    0x20000438   Section        0  _printf_dec.o(.text)
    .text                                    0x200004b0   Section        0  _printf_charcount.o(.text)
    _printf_input_char                       0x200004d9   Thumb Code    10  _printf_char_common.o(.text)
    .text                                    0x200004d8   Section        0  _printf_char_common.o(.text)
    .text                                    0x20000508   Section        0  _sputc.o(.text)
    .text                                    0x20000514   Section        0  _printf_wctomb.o(.text)
    .text                                    0x200005d0   Section        0  _printf_longlong_dec.o(.text)
    _printf_longlong_oct_internal            0x2000064d   Thumb Code     0  _printf_oct_int_ll.o(.text)
    .text                                    0x2000064c   Section        0  _printf_oct_int_ll.o(.text)
    _printf_hex_common                       0x200006bd   Thumb Code     0  _printf_hex_int_ll_ptr.o(.text)
    .text                                    0x200006bc   Section        0  _printf_hex_int_ll_ptr.o(.text)
    .text                                    0x20000750   Section        0  __printf_flags_ss_wp.o(.text)
    .text                                    0x200008d8   Section      138  lludiv10.o(.text)
    .text                                    0x20000962   Section        0  _printf_intcommon.o(.text)
    _fp_digits                               0x20000a15   Thumb Code   432  _printf_fp_dec.o(.text)
    .text                                    0x20000a14   Section        0  _printf_fp_dec.o(.text)
    .text                                    0x20000e30   Section        0  _printf_fp_hex.o(.text)
    .text                                    0x2000112c   Section        0  _printf_char.o(.text)
    .text                                    0x20001158   Section        0  _printf_wchar.o(.text)
    .text                                    0x20001184   Section        0  _c32rtomb.o(.text)
    .text                                    0x200011cc   Section       74  sys_stackheap_outer.o(.text)
    .text                                    0x20001218   Section       16  rt_ctype_table.o(.text)
    .text                                    0x20001228   Section        8  rt_locale_intlibspace.o(.text)
    .text                                    0x20001230   Section        0  _printf_fp_infnan.o(.text)
    .text                                    0x200012b0   Section        0  bigflt0.o(.text)
    .text                                    0x20001394   Section        0  exit.o(.text)
    .text                                    0x200013a8   Section        8  libspace.o(.text)
    .text                                    0x200013b0   Section      124  strcmpv7em.o(.text)
    .text                                    0x2000142c   Section        0  sys_exit.o(.text)
    .text                                    0x20001438   Section        2  use_no_semi.o(.text)
    .text                                    0x2000143a   Section        0  indicate_semi.o(.text)
    [Anonymous Symbol]                       0x2000143c   Section        0  display.o(.text.LCD_ClearDisplay)
    [Anonymous Symbol]                       0x20001468   Section        0  display.o(.text.LCD_Init)
    [Anonymous Symbol]                       0x2000159c   Section        0  main.o(.text.LCD_Output16BitWord)
    [Anonymous Symbol]                       0x2000160c   Section        0  display.o(.text.LCD_SetCursor)
    [Anonymous Symbol]                       0x20001624   Section        0  display.o(.text.LCD_WriteReg)
    [Anonymous Symbol]                       0x2000163c   Section        0  display.o(.text.LCD_WriteWord)
    [Anonymous Symbol]                       0x20001670   Section        0  main.o(.text.LEDs_InitPorts)
    [Anonymous Symbol]                       0x200016b0   Section        0  system_stm32f4xx.o(.text.SystemCoreClockUpdate)
    [Anonymous Symbol]                       0x200017e0   Section        0  system_stm32f4xx.o(.text.SystemInit)
    [Anonymous Symbol]                       0x200017f4   Section        0  main.o(.text.TIM7_IRQHandler)
    [Anonymous Symbol]                       0x20001828   Section        0  main.o(.text.Timer_init)
    __NVIC_EnableIRQ                         0x20001889   Thumb Code    42  main.o(.text.__NVIC_EnableIRQ)
    [Anonymous Symbol]                       0x20001888   Section        0  main.o(.text.__NVIC_EnableIRQ)
    __NVIC_SetPriority                       0x200018b5   Thumb Code    58  main.o(.text.__NVIC_SetPriority)
    [Anonymous Symbol]                       0x200018b4   Section        0  main.o(.text.__NVIC_SetPriority)
    [Anonymous Symbol]                       0x200018f0   Section        0  main.o(.text.main)
    mcpr_SetSysClock                         0x20001a6d   Thumb Code   326  _mcpr_stm32f407.o(.text.mcpr_SetSysClock)
    [Anonymous Symbol]                       0x20001a6c   Section        0  _mcpr_stm32f407.o(.text.mcpr_SetSysClock)
    [Anonymous Symbol]                       0x20001bb4   Section        0  _mcpr_stm32f407.o(.text.mcpr_SetSystemCoreClock)
    [Anonymous Symbol]                       0x20001bc0   Section        0  main.o(.text.switch_int)
    [Anonymous Symbol]                       0x20001be4   Section        0  display.o(.text.wait_us)
    CL$$btod_d2e                             0x20001c04   Section       62  btod.o(CL$$btod_d2e)
    CL$$btod_d2e_denorm_low                  0x20001c42   Section       70  btod.o(CL$$btod_d2e_denorm_low)
    CL$$btod_d2e_norm_op1                    0x20001c88   Section       96  btod.o(CL$$btod_d2e_norm_op1)
    CL$$btod_div_common                      0x20001ce8   Section      824  btod.o(CL$$btod_div_common)
    CL$$btod_e2e                             0x20002020   Section      220  btod.o(CL$$btod_e2e)
    CL$$btod_ediv                            0x200020fc   Section       42  btod.o(CL$$btod_ediv)
    CL$$btod_emul                            0x20002126   Section       42  btod.o(CL$$btod_emul)
    CL$$btod_mult_common                     0x20002150   Section      580  btod.o(CL$$btod_mult_common)
    i.__ARM_fpclassify                       0x20002394   Section        0  fpclassify.o(i.__ARM_fpclassify)
    i._is_digit                              0x200023c4   Section        0  __printf_wp.o(i._is_digit)
    locale$$code                             0x200023d4   Section       44  lc_numeric_c.o(locale$$code)
    locale$$code                             0x20002400   Section       44  lc_ctype_c.o(locale$$code)
    $v0                                      0x2000242c   Number         0  fpinit.o(x$fpl$fpinit)
    x$fpl$fpinit                             0x2000242c   Section       26  fpinit.o(x$fpl$fpinit)
    $v0                                      0x20002446   Number         0  printf1.o(x$fpl$printf1)
    x$fpl$printf1                            0x20002446   Section        4  printf1.o(x$fpl$printf1)
    $v0                                      0x2000244a   Number         0  printf2.o(x$fpl$printf2)
    x$fpl$printf2                            0x2000244a   Section        4  printf2.o(x$fpl$printf2)
    x$fpl$usenofp                            0x2000244e   Section        0  usenofp.o(x$fpl$usenofp)
    initial_mbstate                          0x20002450   Data           8  _printf_wctomb.o(.constdata)
    .constdata                               0x20002450   Section        8  _printf_wctomb.o(.constdata)
    uc_hextab                                0x20002458   Data          20  _printf_hex_int_ll_ptr.o(.constdata)
    .constdata                               0x20002458   Section       40  _printf_hex_int_ll_ptr.o(.constdata)
    lc_hextab                                0x2000246c   Data          20  _printf_hex_int_ll_ptr.o(.constdata)
    maptable                                 0x20002480   Data          17  __printf_flags_ss_wp.o(.constdata)
    .constdata                               0x20002480   Section       17  __printf_flags_ss_wp.o(.constdata)
    lc_hextab                                0x20002491   Data          19  _printf_fp_hex.o(.constdata)
    .constdata                               0x20002491   Section       38  _printf_fp_hex.o(.constdata)
    uc_hextab                                0x200024a4   Data          19  _printf_fp_hex.o(.constdata)
    tenpwrs_x                                0x200024b8   Data          60  bigflt0.o(.constdata)
    .constdata                               0x200024b8   Section      148  bigflt0.o(.constdata)
    tenpwrs_i                                0x200024f4   Data          64  bigflt0.o(.constdata)
    .L.str                                   0x2000255c   Data           3  main.o(.rodata.str1.1)
    [Anonymous Symbol]                       0x2000255c   Section        0  main.o(.rodata.str1.1)
    locale$$data                             0x20002580   Section       28  lc_numeric_c.o(locale$$data)
    __lcnum_c_name                           0x20002584   Data           2  lc_numeric_c.o(locale$$data)
    __lcnum_c_start                          0x2000258c   Data           0  lc_numeric_c.o(locale$$data)
    __lcnum_c_point                          0x20002598   Data           0  lc_numeric_c.o(locale$$data)
    __lcnum_c_thousands                      0x2000259a   Data           0  lc_numeric_c.o(locale$$data)
    __lcnum_c_grouping                       0x2000259b   Data           0  lc_numeric_c.o(locale$$data)
    __lcnum_c_end                            0x2000259c   Data           0  lc_numeric_c.o(locale$$data)
    locale$$data                             0x2000259c   Section      272  lc_ctype_c.o(locale$$data)
    __lcctype_c_name                         0x200025a0   Data           2  lc_ctype_c.o(locale$$data)
    __lcctype_c_start                        0x200025a8   Data           0  lc_ctype_c.o(locale$$data)
    __lcctype_c_end                          0x200026ac   Data           0  lc_ctype_c.o(locale$$data)
    .bss                                     0x20010008   Section       96  libspace.o(.bss)
    Heap_Mem                                 0x20010080   Data         512  startup_stm32f407xx.o(HEAP)
    HEAP                                     0x20010080   Section      512  startup_stm32f407xx.o(HEAP)
    Stack_Mem                                0x20010280   Data        1024  startup_stm32f407xx.o(STACK)
    STACK                                    0x20010280   Section     1024  startup_stm32f407xx.o(STACK)
    __initial_sp                             0x20010680   Data           0  startup_stm32f407xx.o(STACK)

    Global Symbols

    Symbol Name                              Value     Ov Type        Size  Object(Section)

    BuildAttributes$$THM_ISAv4$E$P$D$K$B$S$7EM$VFPi3$EXTD16$VFPS$VFMA$PE$A:L22UL41UL21$X:L11$S22US41US21$IEEE1$IW$~IW$USESV6$~STKCKD$USESV7$WCHAR32$ENUMINT$~SHL$OTIME$ROPI$IEEEJ$EBA8$UX$STANDARDLIB$REQ8$PRES8$EABIv2 0x00000000   Number         0  anon$$obj.o ABSOLUTE
    _printf_flags                            0x00000000   Number         0  printf_stubs.o ABSOLUTE
    _printf_return_value                     0x00000000   Number         0  printf_stubs.o ABSOLUTE
    _printf_sizespec                         0x00000000   Number         0  printf_stubs.o ABSOLUTE
    _printf_widthprec                        0x00000000   Number         0  printf_stubs.o ABSOLUTE
    __ARM_exceptions_init                     - Undefined Weak Reference
    __alloca_initialize                       - Undefined Weak Reference
    __arm_preinit_                            - Undefined Weak Reference
    __arm_relocate_pie_                       - Undefined Weak Reference
    __cpp_initialize__aeabi_                  - Undefined Weak Reference
    __cxa_finalize                            - Undefined Weak Reference
    __sigvec_lookup                           - Undefined Weak Reference
    _atexit_init                              - Undefined Weak Reference
    _call_atexit_fns                          - Undefined Weak Reference
    _clock_init                               - Undefined Weak Reference
    _fp_trap_init                             - Undefined Weak Reference
    _fp_trap_shutdown                         - Undefined Weak Reference
    _get_lc_collate                           - Undefined Weak Reference
    _get_lc_monetary                          - Undefined Weak Reference
    _get_lc_time                              - Undefined Weak Reference
    _getenv_init                              - Undefined Weak Reference
    _handle_redirection                       - Undefined Weak Reference
    _init_alloc                               - Undefined Weak Reference
    _init_user_alloc                          - Undefined Weak Reference
    _initio                                   - Undefined Weak Reference
    _printf_mbtowc                            - Undefined Weak Reference
    _printf_wc                                - Undefined Weak Reference
    _rand_init                                - Undefined Weak Reference
    _signal_finish                            - Undefined Weak Reference
    _signal_init                              - Undefined Weak Reference
    _terminate_alloc                          - Undefined Weak Reference
    _terminate_user_alloc                     - Undefined Weak Reference
    _terminateio                              - Undefined Weak Reference
    __Vectors_Size                           0x00000188   Number         0  startup_stm32f407xx.o ABSOLUTE
    __Vectors                                0x20000000   Data           4  startup_stm32f407xx.o(RESET)
    __Vectors_End                            0x20000188   Data           0  startup_stm32f407xx.o(RESET)
    __main                                   0x20000189   Thumb Code     8  __main.o(!!!main)
    __scatterload                            0x20000191   Thumb Code     0  __scatter.o(!!!scatter)
    __scatterload_rt2                        0x20000191   Thumb Code    84  __scatter.o(!!!scatter)
    __scatterload_rt2_thumb_only             0x20000191   Thumb Code     0  __scatter.o(!!!scatter)
    __scatterload_loop                       0x2000019b   Thumb Code     0  __scatter.o(!!!scatter)
    __scatterload_copy                       0x200001ed   Thumb Code    26  __scatter_copy.o(!!handler_copy)
    __scatterload_null                       0x20000209   Thumb Code     2  __scatter.o(!!handler_null)
    __scatterload_zeroinit                   0x2000020d   Thumb Code    28  __scatter_zi.o(!!handler_zi)
    _printf_n                                0x20000229   Thumb Code     0  _printf_n.o(.ARM.Collect$$_printf_percent$$00000001)
    _printf_percent                          0x20000229   Thumb Code     0  _printf_percent.o(.ARM.Collect$$_printf_percent$$00000000)
    _printf_p                                0x2000022f   Thumb Code     0  _printf_p.o(.ARM.Collect$$_printf_percent$$00000002)
    _printf_f                                0x20000235   Thumb Code     0  _printf_f.o(.ARM.Collect$$_printf_percent$$00000003)
    _printf_e                                0x2000023b   Thumb Code     0  _printf_e.o(.ARM.Collect$$_printf_percent$$00000004)
    _printf_g                                0x20000241   Thumb Code     0  _printf_g.o(.ARM.Collect$$_printf_percent$$00000005)
    _printf_a                                0x20000247   Thumb Code     0  _printf_a.o(.ARM.Collect$$_printf_percent$$00000006)
    _printf_ll                               0x2000024d   Thumb Code     0  _printf_ll.o(.ARM.Collect$$_printf_percent$$00000007)
    _printf_i                                0x20000257   Thumb Code     0  _printf_i.o(.ARM.Collect$$_printf_percent$$00000008)
    _printf_d                                0x2000025d   Thumb Code     0  _printf_d.o(.ARM.Collect$$_printf_percent$$00000009)
    _printf_u                                0x20000263   Thumb Code     0  _printf_u.o(.ARM.Collect$$_printf_percent$$0000000A)
    _printf_o                                0x20000269   Thumb Code     0  _printf_o.o(.ARM.Collect$$_printf_percent$$0000000B)
    _printf_x                                0x2000026f   Thumb Code     0  _printf_x.o(.ARM.Collect$$_printf_percent$$0000000C)
    _printf_lli                              0x20000275   Thumb Code     0  _printf_lli.o(.ARM.Collect$$_printf_percent$$0000000D)
    _printf_lld                              0x2000027b   Thumb Code     0  _printf_lld.o(.ARM.Collect$$_printf_percent$$0000000E)
    _printf_llu                              0x20000281   Thumb Code     0  _printf_llu.o(.ARM.Collect$$_printf_percent$$0000000F)
    _printf_llo                              0x20000287   Thumb Code     0  _printf_llo.o(.ARM.Collect$$_printf_percent$$00000010)
    _printf_llx                              0x2000028d   Thumb Code     0  _printf_llx.o(.ARM.Collect$$_printf_percent$$00000011)
    _printf_l                                0x20000293   Thumb Code     0  _printf_l.o(.ARM.Collect$$_printf_percent$$00000012)
    _printf_c                                0x2000029d   Thumb Code     0  _printf_c.o(.ARM.Collect$$_printf_percent$$00000013)
    _printf_s                                0x200002a3   Thumb Code     0  _printf_s.o(.ARM.Collect$$_printf_percent$$00000014)
    _printf_lc                               0x200002a9   Thumb Code     0  _printf_lc.o(.ARM.Collect$$_printf_percent$$00000015)
    _printf_ls                               0x200002af   Thumb Code     0  _printf_ls.o(.ARM.Collect$$_printf_percent$$00000016)
    _printf_percent_end                      0x200002b5   Thumb Code     0  _printf_percent_end.o(.ARM.Collect$$_printf_percent$$00000017)
    __rt_lib_init                            0x200002b9   Thumb Code     0  libinit.o(.ARM.Collect$$libinit$$00000000)
    __rt_lib_init_fp_1                       0x200002bb   Thumb Code     0  libinit2.o(.ARM.Collect$$libinit$$00000001)
    __rt_lib_init_heap_1                     0x200002bf   Thumb Code     0  libinit2.o(.ARM.Collect$$libinit$$0000000C)
    __rt_lib_init_lc_common                  0x200002bf   Thumb Code     0  libinit2.o(.ARM.Collect$$libinit$$00000011)
    __rt_lib_init_preinit_1                  0x200002bf   Thumb Code     0  libinit2.o(.ARM.Collect$$libinit$$00000006)
    __rt_lib_init_rand_1                     0x200002bf   Thumb Code     0  libinit2.o(.ARM.Collect$$libinit$$00000010)
    __rt_lib_init_relocate_pie_1             0x200002bf   Thumb Code     0  libinit2.o(.ARM.Collect$$libinit$$00000004)
    __rt_lib_init_user_alloc_1               0x200002bf   Thumb Code     0  libinit2.o(.ARM.Collect$$libinit$$0000000E)
    __rt_lib_init_lc_collate_1               0x200002c5   Thumb Code     0  libinit2.o(.ARM.Collect$$libinit$$00000013)
    __rt_lib_init_lc_ctype_2                 0x200002c5   Thumb Code     0  libinit2.o(.ARM.Collect$$libinit$$00000014)
    __rt_lib_init_lc_ctype_1                 0x200002d1   Thumb Code     0  libinit2.o(.ARM.Collect$$libinit$$00000015)
    __rt_lib_init_lc_monetary_1              0x200002d1   Thumb Code     0  libinit2.o(.ARM.Collect$$libinit$$00000017)
    __rt_lib_init_lc_numeric_2               0x200002d1   Thumb Code     0  libinit2.o(.ARM.Collect$$libinit$$00000018)
    __rt_lib_init_alloca_1                   0x200002db   Thumb Code     0  libinit2.o(.ARM.Collect$$libinit$$00000030)
    __rt_lib_init_argv_1                     0x200002db   Thumb Code     0  libinit2.o(.ARM.Collect$$libinit$$0000002E)
    __rt_lib_init_atexit_1                   0x200002db   Thumb Code     0  libinit2.o(.ARM.Collect$$libinit$$0000001D)
    __rt_lib_init_clock_1                    0x200002db   Thumb Code     0  libinit2.o(.ARM.Collect$$libinit$$00000023)
    __rt_lib_init_cpp_1                      0x200002db   Thumb Code     0  libinit2.o(.ARM.Collect$$libinit$$00000034)
    __rt_lib_init_exceptions_1               0x200002db   Thumb Code     0  libinit2.o(.ARM.Collect$$libinit$$00000032)
    __rt_lib_init_fp_trap_1                  0x200002db   Thumb Code     0  libinit2.o(.ARM.Collect$$libinit$$00000021)
    __rt_lib_init_getenv_1                   0x200002db   Thumb Code     0  libinit2.o(.ARM.Collect$$libinit$$00000025)
    __rt_lib_init_lc_numeric_1               0x200002db   Thumb Code     0  libinit2.o(.ARM.Collect$$libinit$$00000019)
    __rt_lib_init_lc_time_1                  0x200002db   Thumb Code     0  libinit2.o(.ARM.Collect$$libinit$$0000001B)
    __rt_lib_init_return                     0x200002db   Thumb Code     0  libinit2.o(.ARM.Collect$$libinit$$00000035)
    __rt_lib_init_signal_1                   0x200002db   Thumb Code     0  libinit2.o(.ARM.Collect$$libinit$$0000001F)
    __rt_lib_init_stdio_1                    0x200002db   Thumb Code     0  libinit2.o(.ARM.Collect$$libinit$$00000027)
    __rt_lib_shutdown                        0x200002dd   Thumb Code     0  libshutdown.o(.ARM.Collect$$libshutdown$$00000000)
    __rt_lib_shutdown_cpp_1                  0x200002df   Thumb Code     0  libshutdown2.o(.ARM.Collect$$libshutdown$$00000002)
    __rt_lib_shutdown_fp_trap_1              0x200002df   Thumb Code     0  libshutdown2.o(.ARM.Collect$$libshutdown$$00000007)
    __rt_lib_shutdown_heap_1                 0x200002df   Thumb Code     0  libshutdown2.o(.ARM.Collect$$libshutdown$$0000000F)
    __rt_lib_shutdown_return                 0x200002df   Thumb Code     0  libshutdown2.o(.ARM.Collect$$libshutdown$$00000010)
    __rt_lib_shutdown_signal_1               0x200002df   Thumb Code     0  libshutdown2.o(.ARM.Collect$$libshutdown$$0000000A)
    __rt_lib_shutdown_stdio_1                0x200002df   Thumb Code     0  libshutdown2.o(.ARM.Collect$$libshutdown$$00000004)
    __rt_lib_shutdown_user_alloc_1           0x200002df   Thumb Code     0  libshutdown2.o(.ARM.Collect$$libshutdown$$0000000C)
    __rt_entry                               0x200002e1   Thumb Code     0  __rtentry.o(.ARM.Collect$$rtentry$$00000000)
    __rt_entry_presh_1                       0x200002e1   Thumb Code     0  __rtentry2.o(.ARM.Collect$$rtentry$$00000002)
    __rt_entry_sh                            0x200002e1   Thumb Code     0  __rtentry4.o(.ARM.Collect$$rtentry$$00000004)
    __rt_entry_li                            0x200002e7   Thumb Code     0  __rtentry2.o(.ARM.Collect$$rtentry$$0000000A)
    __rt_entry_postsh_1                      0x200002e7   Thumb Code     0  __rtentry2.o(.ARM.Collect$$rtentry$$00000009)
    __rt_entry_main                          0x200002eb   Thumb Code     0  __rtentry2.o(.ARM.Collect$$rtentry$$0000000D)
    __rt_entry_postli_1                      0x200002eb   Thumb Code     0  __rtentry2.o(.ARM.Collect$$rtentry$$0000000C)
    __rt_exit                                0x200002f3   Thumb Code     0  rtexit.o(.ARM.Collect$$rtexit$$00000000)
    __rt_exit_ls                             0x200002f5   Thumb Code     0  rtexit2.o(.ARM.Collect$$rtexit$$00000003)
    __rt_exit_prels_1                        0x200002f5   Thumb Code     0  rtexit2.o(.ARM.Collect$$rtexit$$00000002)
    __rt_exit_exit                           0x200002f9   Thumb Code     0  rtexit2.o(.ARM.Collect$$rtexit$$00000004)
    Reset_Handler                            0x20000301   Thumb Code     8  startup_stm32f407xx.o(.text)
    NMI_Handler                              0x20000309   Thumb Code     2  startup_stm32f407xx.o(.text)
    HardFault_Handler                        0x2000030b   Thumb Code     2  startup_stm32f407xx.o(.text)
    MemManage_Handler                        0x2000030d   Thumb Code     2  startup_stm32f407xx.o(.text)
    BusFault_Handler                         0x2000030f   Thumb Code     2  startup_stm32f407xx.o(.text)
    UsageFault_Handler                       0x20000311   Thumb Code     2  startup_stm32f407xx.o(.text)
    SVC_Handler                              0x20000313   Thumb Code     2  startup_stm32f407xx.o(.text)
    DebugMon_Handler                         0x20000315   Thumb Code     2  startup_stm32f407xx.o(.text)
    PendSV_Handler                           0x20000317   Thumb Code     2  startup_stm32f407xx.o(.text)
    SysTick_Handler                          0x20000319   Thumb Code     2  startup_stm32f407xx.o(.text)
    ADC_IRQHandler                           0x2000031b   Thumb Code     0  startup_stm32f407xx.o(.text)
    CAN1_RX0_IRQHandler                      0x2000031b   Thumb Code     0  startup_stm32f407xx.o(.text)
    CAN1_RX1_IRQHandler                      0x2000031b   Thumb Code     0  startup_stm32f407xx.o(.text)
    CAN1_SCE_IRQHandler                      0x2000031b   Thumb Code     0  startup_stm32f407xx.o(.text)
    CAN1_TX_IRQHandler                       0x2000031b   Thumb Code     0  startup_stm32f407xx.o(.text)
    CAN2_RX0_IRQHandler                      0x2000031b   Thumb Code     0  startup_stm32f407xx.o(.text)
    CAN2_RX1_IRQHandler                      0x2000031b   Thumb Code     0  startup_stm32f407xx.o(.text)
    CAN2_SCE_IRQHandler                      0x2000031b   Thumb Code     0  startup_stm32f407xx.o(.text)
    CAN2_TX_IRQHandler                       0x2000031b   Thumb Code     0  startup_stm32f407xx.o(.text)
    DCMI_IRQHandler                          0x2000031b   Thumb Code     0  startup_stm32f407xx.o(.text)
    DMA1_Stream0_IRQHandler                  0x2000031b   Thumb Code     0  startup_stm32f407xx.o(.text)
    DMA1_Stream1_IRQHandler                  0x2000031b   Thumb Code     0  startup_stm32f407xx.o(.text)
    DMA1_Stream2_IRQHandler                  0x2000031b   Thumb Code     0  startup_stm32f407xx.o(.text)
    DMA1_Stream3_IRQHandler                  0x2000031b   Thumb Code     0  startup_stm32f407xx.o(.text)
    DMA1_Stream4_IRQHandler                  0x2000031b   Thumb Code     0  startup_stm32f407xx.o(.text)
    DMA1_Stream5_IRQHandler                  0x2000031b   Thumb Code     0  startup_stm32f407xx.o(.text)
    DMA1_Stream6_IRQHandler                  0x2000031b   Thumb Code     0  startup_stm32f407xx.o(.text)
    DMA1_Stream7_IRQHandler                  0x2000031b   Thumb Code     0  startup_stm32f407xx.o(.text)
    DMA2_Stream0_IRQHandler                  0x2000031b   Thumb Code     0  startup_stm32f407xx.o(.text)
    DMA2_Stream1_IRQHandler                  0x2000031b   Thumb Code     0  startup_stm32f407xx.o(.text)
    DMA2_Stream2_IRQHandler                  0x2000031b   Thumb Code     0  startup_stm32f407xx.o(.text)
    DMA2_Stream3_IRQHandler                  0x2000031b   Thumb Code     0  startup_stm32f407xx.o(.text)
    DMA2_Stream4_IRQHandler                  0x2000031b   Thumb Code     0  startup_stm32f407xx.o(.text)
    DMA2_Stream5_IRQHandler                  0x2000031b   Thumb Code     0  startup_stm32f407xx.o(.text)
    DMA2_Stream6_IRQHandler                  0x2000031b   Thumb Code     0  startup_stm32f407xx.o(.text)
    DMA2_Stream7_IRQHandler                  0x2000031b   Thumb Code     0  startup_stm32f407xx.o(.text)
    ETH_IRQHandler                           0x2000031b   Thumb Code     0  startup_stm32f407xx.o(.text)
    ETH_WKUP_IRQHandler                      0x2000031b   Thumb Code     0  startup_stm32f407xx.o(.text)
    EXTI0_IRQHandler                         0x2000031b   Thumb Code     0  startup_stm32f407xx.o(.text)
    EXTI15_10_IRQHandler                     0x2000031b   Thumb Code     0  startup_stm32f407xx.o(.text)
    EXTI1_IRQHandler                         0x2000031b   Thumb Code     0  startup_stm32f407xx.o(.text)
    EXTI2_IRQHandler                         0x2000031b   Thumb Code     0  startup_stm32f407xx.o(.text)
    EXTI3_IRQHandler                         0x2000031b   Thumb Code     0  startup_stm32f407xx.o(.text)
    EXTI4_IRQHandler                         0x2000031b   Thumb Code     0  startup_stm32f407xx.o(.text)
    EXTI9_5_IRQHandler                       0x2000031b   Thumb Code     0  startup_stm32f407xx.o(.text)
    FLASH_IRQHandler                         0x2000031b   Thumb Code     0  startup_stm32f407xx.o(.text)
    FMC_IRQHandler                           0x2000031b   Thumb Code     0  startup_stm32f407xx.o(.text)
    FPU_IRQHandler                           0x2000031b   Thumb Code     0  startup_stm32f407xx.o(.text)
    HASH_RNG_IRQHandler                      0x2000031b   Thumb Code     0  startup_stm32f407xx.o(.text)
    I2C1_ER_IRQHandler                       0x2000031b   Thumb Code     0  startup_stm32f407xx.o(.text)
    I2C1_EV_IRQHandler                       0x2000031b   Thumb Code     0  startup_stm32f407xx.o(.text)
    I2C2_ER_IRQHandler                       0x2000031b   Thumb Code     0  startup_stm32f407xx.o(.text)
    I2C2_EV_IRQHandler                       0x2000031b   Thumb Code     0  startup_stm32f407xx.o(.text)
    I2C3_ER_IRQHandler                       0x2000031b   Thumb Code     0  startup_stm32f407xx.o(.text)
    I2C3_EV_IRQHandler                       0x2000031b   Thumb Code     0  startup_stm32f407xx.o(.text)
    OTG_FS_IRQHandler                        0x2000031b   Thumb Code     0  startup_stm32f407xx.o(.text)
    OTG_FS_WKUP_IRQHandler                   0x2000031b   Thumb Code     0  startup_stm32f407xx.o(.text)
    OTG_HS_EP1_IN_IRQHandler                 0x2000031b   Thumb Code     0  startup_stm32f407xx.o(.text)
    OTG_HS_EP1_OUT_IRQHandler                0x2000031b   Thumb Code     0  startup_stm32f407xx.o(.text)
    OTG_HS_IRQHandler                        0x2000031b   Thumb Code     0  startup_stm32f407xx.o(.text)
    OTG_HS_WKUP_IRQHandler                   0x2000031b   Thumb Code     0  startup_stm32f407xx.o(.text)
    PVD_IRQHandler                           0x2000031b   Thumb Code     0  startup_stm32f407xx.o(.text)
    RCC_IRQHandler                           0x2000031b   Thumb Code     0  startup_stm32f407xx.o(.text)
    RTC_Alarm_IRQHandler                     0x2000031b   Thumb Code     0  startup_stm32f407xx.o(.text)
    RTC_WKUP_IRQHandler                      0x2000031b   Thumb Code     0  startup_stm32f407xx.o(.text)
    SDIO_IRQHandler                          0x2000031b   Thumb Code     0  startup_stm32f407xx.o(.text)
    SPI1_IRQHandler                          0x2000031b   Thumb Code     0  startup_stm32f407xx.o(.text)
    SPI2_IRQHandler                          0x2000031b   Thumb Code     0  startup_stm32f407xx.o(.text)
    SPI3_IRQHandler                          0x2000031b   Thumb Code     0  startup_stm32f407xx.o(.text)
    TAMP_STAMP_IRQHandler                    0x2000031b   Thumb Code     0  startup_stm32f407xx.o(.text)
    TIM1_BRK_TIM9_IRQHandler                 0x2000031b   Thumb Code     0  startup_stm32f407xx.o(.text)
    TIM1_CC_IRQHandler                       0x2000031b   Thumb Code     0  startup_stm32f407xx.o(.text)
    TIM1_TRG_COM_TIM11_IRQHandler            0x2000031b   Thumb Code     0  startup_stm32f407xx.o(.text)
    TIM1_UP_TIM10_IRQHandler                 0x2000031b   Thumb Code     0  startup_stm32f407xx.o(.text)
    TIM2_IRQHandler                          0x2000031b   Thumb Code     0  startup_stm32f407xx.o(.text)
    TIM3_IRQHandler                          0x2000031b   Thumb Code     0  startup_stm32f407xx.o(.text)
    TIM4_IRQHandler                          0x2000031b   Thumb Code     0  startup_stm32f407xx.o(.text)
    TIM5_IRQHandler                          0x2000031b   Thumb Code     0  startup_stm32f407xx.o(.text)
    TIM6_DAC_IRQHandler                      0x2000031b   Thumb Code     0  startup_stm32f407xx.o(.text)
    TIM8_BRK_TIM12_IRQHandler                0x2000031b   Thumb Code     0  startup_stm32f407xx.o(.text)
    TIM8_CC_IRQHandler                       0x2000031b   Thumb Code     0  startup_stm32f407xx.o(.text)
    TIM8_TRG_COM_TIM14_IRQHandler            0x2000031b   Thumb Code     0  startup_stm32f407xx.o(.text)
    TIM8_UP_TIM13_IRQHandler                 0x2000031b   Thumb Code     0  startup_stm32f407xx.o(.text)
    UART4_IRQHandler                         0x2000031b   Thumb Code     0  startup_stm32f407xx.o(.text)
    UART5_IRQHandler                         0x2000031b   Thumb Code     0  startup_stm32f407xx.o(.text)
    USART1_IRQHandler                        0x2000031b   Thumb Code     0  startup_stm32f407xx.o(.text)
    USART2_IRQHandler                        0x2000031b   Thumb Code     0  startup_stm32f407xx.o(.text)
    USART3_IRQHandler                        0x2000031b   Thumb Code     0  startup_stm32f407xx.o(.text)
    USART6_IRQHandler                        0x2000031b   Thumb Code     0  startup_stm32f407xx.o(.text)
    WWDG_IRQHandler                          0x2000031b   Thumb Code     0  startup_stm32f407xx.o(.text)
    __user_initial_stackheap                 0x2000031d   Thumb Code     0  startup_stm32f407xx.o(.text)
    sprintf                                  0x20000341   Thumb Code    38  sprintf.o(.text)
    __use_two_region_memory                  0x2000036d   Thumb Code     2  heapauxi.o(.text)
    __rt_heap_escrow$2region                 0x2000036f   Thumb Code     2  heapauxi.o(.text)
    __rt_heap_expand$2region                 0x20000371   Thumb Code     2  heapauxi.o(.text)
    _printf_pre_padding                      0x20000373   Thumb Code    44  _printf_pad.o(.text)
    _printf_post_padding                     0x2000039f   Thumb Code    34  _printf_pad.o(.text)
    _printf_truncate_signed                  0x200003c1   Thumb Code    18  _printf_truncate.o(.text)
    _printf_truncate_unsigned                0x200003d3   Thumb Code    18  _printf_truncate.o(.text)
    _printf_str                              0x200003e5   Thumb Code    82  _printf_str.o(.text)
    _printf_int_dec                          0x20000439   Thumb Code   104  _printf_dec.o(.text)
    _printf_charcount                        0x200004b1   Thumb Code    40  _printf_charcount.o(.text)
    _printf_char_common                      0x200004e3   Thumb Code    32  _printf_char_common.o(.text)
    _sputc                                   0x20000509   Thumb Code    10  _sputc.o(.text)
    _printf_wctomb                           0x20000515   Thumb Code   182  _printf_wctomb.o(.text)
    _printf_longlong_dec                     0x200005d1   Thumb Code   108  _printf_longlong_dec.o(.text)
    _printf_longlong_oct                     0x2000064d   Thumb Code    68  _printf_oct_int_ll.o(.text)
    _printf_int_oct                          0x20000691   Thumb Code    24  _printf_oct_int_ll.o(.text)
    _printf_ll_oct                           0x200006a9   Thumb Code    12  _printf_oct_int_ll.o(.text)
    _printf_longlong_hex                     0x200006bd   Thumb Code    86  _printf_hex_int_ll_ptr.o(.text)
    _printf_int_hex                          0x20000713   Thumb Code    28  _printf_hex_int_ll_ptr.o(.text)
    _printf_ll_hex                           0x2000072f   Thumb Code    12  _printf_hex_int_ll_ptr.o(.text)
    _printf_hex_ptr                          0x2000073b   Thumb Code    18  _printf_hex_int_ll_ptr.o(.text)
    __printf                                 0x20000751   Thumb Code   388  __printf_flags_ss_wp.o(.text)
    _ll_udiv10                               0x200008d9   Thumb Code   138  lludiv10.o(.text)
    _printf_int_common                       0x20000963   Thumb Code   178  _printf_intcommon.o(.text)
    _printf_fp_dec_real                      0x20000bc5   Thumb Code   620  _printf_fp_dec.o(.text)
    _printf_fp_hex_real                      0x20000e31   Thumb Code   756  _printf_fp_hex.o(.text)
    _printf_cs_common                        0x2000112d   Thumb Code    20  _printf_char.o(.text)
    _printf_char                             0x20001141   Thumb Code    16  _printf_char.o(.text)
    _printf_string                           0x20001151   Thumb Code     8  _printf_char.o(.text)
    _printf_lcs_common                       0x20001159   Thumb Code    20  _printf_wchar.o(.text)
    _printf_wchar                            0x2000116d   Thumb Code    16  _printf_wchar.o(.text)
    _printf_wstring                          0x2000117d   Thumb Code     8  _printf_wchar.o(.text)
    _c32rtomb                                0x20001185   Thumb Code    72  _c32rtomb.o(.text)
    _wcrtomb                                 0x20001185   Thumb Code     0  _c32rtomb.o(.text)
    __user_setup_stackheap                   0x200011cd   Thumb Code    74  sys_stackheap_outer.o(.text)
    __rt_ctype_table                         0x20001219   Thumb Code    16  rt_ctype_table.o(.text)
    __rt_locale                              0x20001229   Thumb Code     8  rt_locale_intlibspace.o(.text)
    _printf_fp_infnan                        0x20001231   Thumb Code   112  _printf_fp_infnan.o(.text)
    _btod_etento                             0x200012b1   Thumb Code   224  bigflt0.o(.text)
    exit                                     0x20001395   Thumb Code    18  exit.o(.text)
    __user_libspace                          0x200013a9   Thumb Code     8  libspace.o(.text)
    __user_perproc_libspace                  0x200013a9   Thumb Code     0  libspace.o(.text)
    __user_perthread_libspace                0x200013a9   Thumb Code     0  libspace.o(.text)
    strcmp                                   0x200013b1   Thumb Code   124  strcmpv7em.o(.text)
    _sys_exit                                0x2000142d   Thumb Code     8  sys_exit.o(.text)
    __I$use$semihosting                      0x20001439   Thumb Code     0  use_no_semi.o(.text)
    __use_no_semihosting_swi                 0x20001439   Thumb Code     2  use_no_semi.o(.text)
    __semihosting_library_function           0x2000143b   Thumb Code     0  indicate_semi.o(.text)
    LCD_ClearDisplay                         0x2000143d   Thumb Code    42  display.o(.text.LCD_ClearDisplay)
    LCD_Init                                 0x20001469   Thumb Code   308  display.o(.text.LCD_Init)
    LCD_Output16BitWord                      0x2000159d   Thumb Code   112  main.o(.text.LCD_Output16BitWord)
    LCD_SetCursor                            0x2000160d   Thumb Code    22  display.o(.text.LCD_SetCursor)
    LCD_WriteReg                             0x20001625   Thumb Code    24  display.o(.text.LCD_WriteReg)
    LCD_WriteWord                            0x2000163d   Thumb Code    52  display.o(.text.LCD_WriteWord)
    LEDs_InitPorts                           0x20001671   Thumb Code    64  main.o(.text.LEDs_InitPorts)
    SystemCoreClockUpdate                    0x200016b1   Thumb Code   302  system_stm32f4xx.o(.text.SystemCoreClockUpdate)
    SystemInit                               0x200017e1   Thumb Code    18  system_stm32f4xx.o(.text.SystemInit)
    TIM7_IRQHandler                          0x200017f5   Thumb Code    50  main.o(.text.TIM7_IRQHandler)
    Timer_init                               0x20001829   Thumb Code    94  main.o(.text.Timer_init)
    main                                     0x200018f1   Thumb Code   378  main.o(.text.main)
    mcpr_SetSystemCoreClock                  0x20001bb5   Thumb Code    12  _mcpr_stm32f407.o(.text.mcpr_SetSystemCoreClock)
    switch_int                               0x20001bc1   Thumb Code    36  main.o(.text.switch_int)
    wait_us                                  0x20001be5   Thumb Code    32  display.o(.text.wait_us)
    _btod_d2e                                0x20001c05   Thumb Code    62  btod.o(CL$$btod_d2e)
    _d2e_denorm_low                          0x20001c43   Thumb Code    70  btod.o(CL$$btod_d2e_denorm_low)
    _d2e_norm_op1                            0x20001c89   Thumb Code    96  btod.o(CL$$btod_d2e_norm_op1)
    __btod_div_common                        0x20001ce9   Thumb Code   696  btod.o(CL$$btod_div_common)
    _e2e                                     0x20002021   Thumb Code   220  btod.o(CL$$btod_e2e)
    _btod_ediv                               0x200020fd   Thumb Code    42  btod.o(CL$$btod_ediv)
    _btod_emul                               0x20002127   Thumb Code    42  btod.o(CL$$btod_emul)
    __btod_mult_common                       0x20002151   Thumb Code   580  btod.o(CL$$btod_mult_common)
    __ARM_fpclassify                         0x20002395   Thumb Code    48  fpclassify.o(i.__ARM_fpclassify)
    _is_digit                                0x200023c5   Thumb Code    14  __printf_wp.o(i._is_digit)
    _get_lc_numeric                          0x200023d5   Thumb Code    44  lc_numeric_c.o(locale$$code)
    _get_lc_ctype                            0x20002401   Thumb Code    44  lc_ctype_c.o(locale$$code)
    _fp_init                                 0x2000242d   Thumb Code    26  fpinit.o(x$fpl$fpinit)
    __fplib_config_fpu_vfp                   0x20002445   Thumb Code     0  fpinit.o(x$fpl$fpinit)
    __fplib_config_pureend_doubles           0x20002445   Thumb Code     0  fpinit.o(x$fpl$fpinit)
    _printf_fp_dec                           0x20002447   Thumb Code     4  printf1.o(x$fpl$printf1)
    _printf_fp_hex                           0x2000244b   Thumb Code     4  printf2.o(x$fpl$printf2)
    __I$use$fp                               0x2000244e   Number         0  usenofp.o(x$fpl$usenofp)
    AHBPrescTable                            0x2000254c   Data          16  system_stm32f4xx.o(.rodata.AHBPrescTable)
    Region$$Table$$Base                      0x20002560   Number         0  anon$$obj.o(Region$$Table)
    Region$$Table$$Limit                     0x20002580   Number         0  anon$$obj.o(Region$$Table)
    __ctype                                  0x200025a9   Data           0  lc_ctype_c.o(locale$$data)
    SystemCoreClock                          0x20010000   Data           4  system_stm32f4xx.o(.data.SystemCoreClock)
    __libspace_start                         0x20010008   Data          96  libspace.o(.bss)
    __temporary_stack_top$libspace           0x20010068   Data           0  libspace.o(.bss)
    disp_sec                                 0x20010068   Data           5  main.o(.bss.disp_sec)
    led_status                               0x2001006d   Data           1  main.o(.bss.led_status)
    ms_counter                               0x20010070   Data           4  main.o(.bss.ms_counter)
    ms_led_counter                           0x20010074   Data           2  main.o(.bss.ms_led_counter)
    ms_since_last_press                      0x20010078   Data           4  main.o(.bss.ms_since_last_press)



==============================================================================

Memory Map of the image

  Image Entry point : 0x20000189

  Load Region LR_IROM1 (Base: 0x20000000, Size: 0x000026b8, Max: 0x00010000, ABSOLUTE)

    Execution Region ER_IROM1 (Exec base: 0x20000000, Load base: 0x20000000, Size: 0x000026ac, Max: 0x00010000, ABSOLUTE)

    Exec Addr    Load Addr    Size         Type   Attr      Idx    E Section Name        Object

    0x20000000   0x20000000   0x00000188   Data   RO           88    RESET               startup_stm32f407xx.o
    0x20000188   0x20000188   0x00000008   Code   RO          115  * !!!main             c_wu.l(__main.o)
    0x20000190   0x20000190   0x0000005c   Code   RO          452    !!!scatter          c_wu.l(__scatter.o)
    0x200001ec   0x200001ec   0x0000001a   Code   RO          456    !!handler_copy      c_wu.l(__scatter_copy.o)
    0x20000206   0x20000206   0x00000002   PAD
    0x20000208   0x20000208   0x00000002   Code   RO          453    !!handler_null      c_wu.l(__scatter.o)
    0x2000020a   0x2000020a   0x00000002   PAD
    0x2000020c   0x2000020c   0x0000001c   Code   RO          458    !!handler_zi        c_wu.l(__scatter_zi.o)
    0x20000228   0x20000228   0x00000000   Code   RO          199    .ARM.Collect$$_printf_percent$$00000000  c_wu.l(_printf_percent.o)
    0x20000228   0x20000228   0x00000006   Code   RO          188    .ARM.Collect$$_printf_percent$$00000001  c_wu.l(_printf_n.o)
    0x2000022e   0x2000022e   0x00000006   Code   RO          190    .ARM.Collect$$_printf_percent$$00000002  c_wu.l(_printf_p.o)
    0x20000234   0x20000234   0x00000006   Code   RO          195    .ARM.Collect$$_printf_percent$$00000003  c_wu.l(_printf_f.o)
    0x2000023a   0x2000023a   0x00000006   Code   RO          196    .ARM.Collect$$_printf_percent$$00000004  c_wu.l(_printf_e.o)
    0x20000240   0x20000240   0x00000006   Code   RO          197    .ARM.Collect$$_printf_percent$$00000005  c_wu.l(_printf_g.o)
    0x20000246   0x20000246   0x00000006   Code   RO          198    .ARM.Collect$$_printf_percent$$00000006  c_wu.l(_printf_a.o)
    0x2000024c   0x2000024c   0x0000000a   Code   RO          203    .ARM.Collect$$_printf_percent$$00000007  c_wu.l(_printf_ll.o)
    0x20000256   0x20000256   0x00000006   Code   RO          192    .ARM.Collect$$_printf_percent$$00000008  c_wu.l(_printf_i.o)
    0x2000025c   0x2000025c   0x00000006   Code   RO          193    .ARM.Collect$$_printf_percent$$00000009  c_wu.l(_printf_d.o)
    0x20000262   0x20000262   0x00000006   Code   RO          194    .ARM.Collect$$_printf_percent$$0000000A  c_wu.l(_printf_u.o)
    0x20000268   0x20000268   0x00000006   Code   RO          191    .ARM.Collect$$_printf_percent$$0000000B  c_wu.l(_printf_o.o)
    0x2000026e   0x2000026e   0x00000006   Code   RO          189    .ARM.Collect$$_printf_percent$$0000000C  c_wu.l(_printf_x.o)
    0x20000274   0x20000274   0x00000006   Code   RO          200    .ARM.Collect$$_printf_percent$$0000000D  c_wu.l(_printf_lli.o)
    0x2000027a   0x2000027a   0x00000006   Code   RO          201    .ARM.Collect$$_printf_percent$$0000000E  c_wu.l(_printf_lld.o)
    0x20000280   0x20000280   0x00000006   Code   RO          202    .ARM.Collect$$_printf_percent$$0000000F  c_wu.l(_printf_llu.o)
    0x20000286   0x20000286   0x00000006   Code   RO          207    .ARM.Collect$$_printf_percent$$00000010  c_wu.l(_printf_llo.o)
    0x2000028c   0x2000028c   0x00000006   Code   RO          208    .ARM.Collect$$_printf_percent$$00000011  c_wu.l(_printf_llx.o)
    0x20000292   0x20000292   0x0000000a   Code   RO          204    .ARM.Collect$$_printf_percent$$00000012  c_wu.l(_printf_l.o)
    0x2000029c   0x2000029c   0x00000006   Code   RO          186    .ARM.Collect$$_printf_percent$$00000013  c_wu.l(_printf_c.o)
    0x200002a2   0x200002a2   0x00000006   Code   RO          187    .ARM.Collect$$_printf_percent$$00000014  c_wu.l(_printf_s.o)
    0x200002a8   0x200002a8   0x00000006   Code   RO          205    .ARM.Collect$$_printf_percent$$00000015  c_wu.l(_printf_lc.o)
    0x200002ae   0x200002ae   0x00000006   Code   RO          206    .ARM.Collect$$_printf_percent$$00000016  c_wu.l(_printf_ls.o)
    0x200002b4   0x200002b4   0x00000004   Code   RO          249    .ARM.Collect$$_printf_percent$$00000017  c_wu.l(_printf_percent_end.o)
    0x200002b8   0x200002b8   0x00000002   Code   RO          300    .ARM.Collect$$libinit$$00000000  c_wu.l(libinit.o)
    0x200002ba   0x200002ba   0x00000004   Code   RO          318    .ARM.Collect$$libinit$$00000001  c_wu.l(libinit2.o)
    0x200002be   0x200002be   0x00000000   Code   RO          321    .ARM.Collect$$libinit$$00000004  c_wu.l(libinit2.o)
    0x200002be   0x200002be   0x00000000   Code   RO          323    .ARM.Collect$$libinit$$00000006  c_wu.l(libinit2.o)
    0x200002be   0x200002be   0x00000000   Code   RO          326    .ARM.Collect$$libinit$$0000000C  c_wu.l(libinit2.o)
    0x200002be   0x200002be   0x00000000   Code   RO          328    .ARM.Collect$$libinit$$0000000E  c_wu.l(libinit2.o)
    0x200002be   0x200002be   0x00000000   Code   RO          330    .ARM.Collect$$libinit$$00000010  c_wu.l(libinit2.o)
    0x200002be   0x200002be   0x00000006   Code   RO          331    .ARM.Collect$$libinit$$00000011  c_wu.l(libinit2.o)
    0x200002c4   0x200002c4   0x00000000   Code   RO          333    .ARM.Collect$$libinit$$00000013  c_wu.l(libinit2.o)
    0x200002c4   0x200002c4   0x0000000c   Code   RO          334    .ARM.Collect$$libinit$$00000014  c_wu.l(libinit2.o)
    0x200002d0   0x200002d0   0x00000000   Code   RO          335    .ARM.Collect$$libinit$$00000015  c_wu.l(libinit2.o)
    0x200002d0   0x200002d0   0x00000000   Code   RO          337    .ARM.Collect$$libinit$$00000017  c_wu.l(libinit2.o)
    0x200002d0   0x200002d0   0x0000000a   Code   RO          338    .ARM.Collect$$libinit$$00000018  c_wu.l(libinit2.o)
    0x200002da   0x200002da   0x00000000   Code   RO          339    .ARM.Collect$$libinit$$00000019  c_wu.l(libinit2.o)
    0x200002da   0x200002da   0x00000000   Code   RO          341    .ARM.Collect$$libinit$$0000001B  c_wu.l(libinit2.o)
    0x200002da   0x200002da   0x00000000   Code   RO          343    .ARM.Collect$$libinit$$0000001D  c_wu.l(libinit2.o)
    0x200002da   0x200002da   0x00000000   Code   RO          345    .ARM.Collect$$libinit$$0000001F  c_wu.l(libinit2.o)
    0x200002da   0x200002da   0x00000000   Code   RO          347    .ARM.Collect$$libinit$$00000021  c_wu.l(libinit2.o)
    0x200002da   0x200002da   0x00000000   Code   RO          349    .ARM.Collect$$libinit$$00000023  c_wu.l(libinit2.o)
    0x200002da   0x200002da   0x00000000   Code   RO          351    .ARM.Collect$$libinit$$00000025  c_wu.l(libinit2.o)
    0x200002da   0x200002da   0x00000000   Code   RO          353    .ARM.Collect$$libinit$$00000027  c_wu.l(libinit2.o)
    0x200002da   0x200002da   0x00000000   Code   RO          357    .ARM.Collect$$libinit$$0000002E  c_wu.l(libinit2.o)
    0x200002da   0x200002da   0x00000000   Code   RO          359    .ARM.Collect$$libinit$$00000030  c_wu.l(libinit2.o)
    0x200002da   0x200002da   0x00000000   Code   RO          361    .ARM.Collect$$libinit$$00000032  c_wu.l(libinit2.o)
    0x200002da   0x200002da   0x00000000   Code   RO          363    .ARM.Collect$$libinit$$00000034  c_wu.l(libinit2.o)
    0x200002da   0x200002da   0x00000002   Code   RO          364    .ARM.Collect$$libinit$$00000035  c_wu.l(libinit2.o)
    0x200002dc   0x200002dc   0x00000002   Code   RO          388    .ARM.Collect$$libshutdown$$00000000  c_wu.l(libshutdown.o)
    0x200002de   0x200002de   0x00000000   Code   RO          403    .ARM.Collect$$libshutdown$$00000002  c_wu.l(libshutdown2.o)
    0x200002de   0x200002de   0x00000000   Code   RO          405    .ARM.Collect$$libshutdown$$00000004  c_wu.l(libshutdown2.o)
    0x200002de   0x200002de   0x00000000   Code   RO          408    .ARM.Collect$$libshutdown$$00000007  c_wu.l(libshutdown2.o)
    0x200002de   0x200002de   0x00000000   Code   RO          411    .ARM.Collect$$libshutdown$$0000000A  c_wu.l(libshutdown2.o)
    0x200002de   0x200002de   0x00000000   Code   RO          413    .ARM.Collect$$libshutdown$$0000000C  c_wu.l(libshutdown2.o)
    0x200002de   0x200002de   0x00000000   Code   RO          416    .ARM.Collect$$libshutdown$$0000000F  c_wu.l(libshutdown2.o)
    0x200002de   0x200002de   0x00000002   Code   RO          417    .ARM.Collect$$libshutdown$$00000010  c_wu.l(libshutdown2.o)
    0x200002e0   0x200002e0   0x00000000   Code   RO          117    .ARM.Collect$$rtentry$$00000000  c_wu.l(__rtentry.o)
    0x200002e0   0x200002e0   0x00000000   Code   RO          218    .ARM.Collect$$rtentry$$00000002  c_wu.l(__rtentry2.o)
    0x200002e0   0x200002e0   0x00000006   Code   RO          230    .ARM.Collect$$rtentry$$00000004  c_wu.l(__rtentry4.o)
    0x200002e6   0x200002e6   0x00000000   Code   RO          220    .ARM.Collect$$rtentry$$00000009  c_wu.l(__rtentry2.o)
    0x200002e6   0x200002e6   0x00000004   Code   RO          221    .ARM.Collect$$rtentry$$0000000A  c_wu.l(__rtentry2.o)
    0x200002ea   0x200002ea   0x00000000   Code   RO          223    .ARM.Collect$$rtentry$$0000000C  c_wu.l(__rtentry2.o)
    0x200002ea   0x200002ea   0x00000008   Code   RO          224    .ARM.Collect$$rtentry$$0000000D  c_wu.l(__rtentry2.o)
    0x200002f2   0x200002f2   0x00000002   Code   RO          309    .ARM.Collect$$rtexit$$00000000  c_wu.l(rtexit.o)
    0x200002f4   0x200002f4   0x00000000   Code   RO          366    .ARM.Collect$$rtexit$$00000002  c_wu.l(rtexit2.o)
    0x200002f4   0x200002f4   0x00000004   Code   RO          367    .ARM.Collect$$rtexit$$00000003  c_wu.l(rtexit2.o)
    0x200002f8   0x200002f8   0x00000006   Code   RO          368    .ARM.Collect$$rtexit$$00000004  c_wu.l(rtexit2.o)
    0x200002fe   0x200002fe   0x00000002   PAD
    0x20000300   0x20000300   0x00000040   Code   RO           89    .text               startup_stm32f407xx.o
    0x20000340   0x20000340   0x0000002c   Code   RO          111    .text               c_wu.l(sprintf.o)
    0x2000036c   0x2000036c   0x00000006   Code   RO          113    .text               c_wu.l(heapauxi.o)
    0x20000372   0x20000372   0x0000004e   Code   RO          120    .text               c_wu.l(_printf_pad.o)
    0x200003c0   0x200003c0   0x00000024   Code   RO          122    .text               c_wu.l(_printf_truncate.o)
    0x200003e4   0x200003e4   0x00000052   Code   RO          124    .text               c_wu.l(_printf_str.o)
    0x20000436   0x20000436   0x00000002   PAD
    0x20000438   0x20000438   0x00000078   Code   RO          126    .text               c_wu.l(_printf_dec.o)
    0x200004b0   0x200004b0   0x00000028   Code   RO          128    .text               c_wu.l(_printf_charcount.o)
    0x200004d8   0x200004d8   0x00000030   Code   RO          130    .text               c_wu.l(_printf_char_common.o)
    0x20000508   0x20000508   0x0000000a   Code   RO          132    .text               c_wu.l(_sputc.o)
    0x20000512   0x20000512   0x00000002   PAD
    0x20000514   0x20000514   0x000000bc   Code   RO          134    .text               c_wu.l(_printf_wctomb.o)
    0x200005d0   0x200005d0   0x0000007c   Code   RO          137    .text               c_wu.l(_printf_longlong_dec.o)
    0x2000064c   0x2000064c   0x00000070   Code   RO          143    .text               c_wu.l(_printf_oct_int_ll.o)
    0x200006bc   0x200006bc   0x00000094   Code   RO          163    .text               c_wu.l(_printf_hex_int_ll_ptr.o)
    0x20000750   0x20000750   0x00000188   Code   RO          183    .text               c_wu.l(__printf_flags_ss_wp.o)
    0x200008d8   0x200008d8   0x0000008a   Code   RO          232    .text               c_wu.l(lludiv10.o)
    0x20000962   0x20000962   0x000000b2   Code   RO          234    .text               c_wu.l(_printf_intcommon.o)
    0x20000a14   0x20000a14   0x0000041c   Code   RO          236    .text               c_wu.l(_printf_fp_dec.o)
    0x20000e30   0x20000e30   0x000002fc   Code   RO          240    .text               c_wu.l(_printf_fp_hex.o)
    0x2000112c   0x2000112c   0x0000002c   Code   RO          245    .text               c_wu.l(_printf_char.o)
    0x20001158   0x20001158   0x0000002c   Code   RO          247    .text               c_wu.l(_printf_wchar.o)
    0x20001184   0x20001184   0x00000048   Code   RO          250    .text               c_wu.l(_c32rtomb.o)
    0x200011cc   0x200011cc   0x0000004a   Code   RO          252    .text               c_wu.l(sys_stackheap_outer.o)
    0x20001216   0x20001216   0x00000002   PAD
    0x20001218   0x20001218   0x00000010   Code   RO          254    .text               c_wu.l(rt_ctype_table.o)
    0x20001228   0x20001228   0x00000008   Code   RO          259    .text               c_wu.l(rt_locale_intlibspace.o)
    0x20001230   0x20001230   0x00000080   Code   RO          261    .text               c_wu.l(_printf_fp_infnan.o)
    0x200012b0   0x200012b0   0x000000e4   Code   RO          263    .text               c_wu.l(bigflt0.o)
    0x20001394   0x20001394   0x00000012   Code   RO          293    .text               c_wu.l(exit.o)
    0x200013a6   0x200013a6   0x00000002   PAD
    0x200013a8   0x200013a8   0x00000008   Code   RO          306    .text               c_wu.l(libspace.o)
    0x200013b0   0x200013b0   0x0000007c   Code   RO          316    .text               c_wu.l(strcmpv7em.o)
    0x2000142c   0x2000142c   0x0000000c   Code   RO          378    .text               c_wu.l(sys_exit.o)
    0x20001438   0x20001438   0x00000002   Code   RO          393    .text               c_wu.l(use_no_semi.o)
    0x2000143a   0x2000143a   0x00000000   Code   RO          395    .text               c_wu.l(indicate_semi.o)
    0x2000143a   0x2000143a   0x00000002   PAD
    0x2000143c   0x2000143c   0x0000002a   Code   RO           72    .text.LCD_ClearDisplay  display.o
    0x20001466   0x20001466   0x00000002   PAD
    0x20001468   0x20001468   0x00000134   Code   RO           66    .text.LCD_Init      display.o
    0x2000159c   0x2000159c   0x00000070   Code   RO           12    .text.LCD_Output16BitWord  main.o
    0x2000160c   0x2000160c   0x00000016   Code   RO           68    .text.LCD_SetCursor  display.o
    0x20001622   0x20001622   0x00000002   PAD
    0x20001624   0x20001624   0x00000018   Code   RO           64    .text.LCD_WriteReg  display.o
    0x2000163c   0x2000163c   0x00000034   Code   RO           62    .text.LCD_WriteWord  display.o
    0x20001670   0x20001670   0x00000040   Code   RO            2    .text.LEDs_InitPorts  main.o
    0x200016b0   0x200016b0   0x0000012e   Code   RO           98    .text.SystemCoreClockUpdate  system_stm32f4xx.o
    0x200017de   0x200017de   0x00000002   PAD
    0x200017e0   0x200017e0   0x00000012   Code   RO           96    .text.SystemInit    system_stm32f4xx.o
    0x200017f2   0x200017f2   0x00000002   PAD
    0x200017f4   0x200017f4   0x00000032   Code   RO            4    .text.TIM7_IRQHandler  main.o
    0x20001826   0x20001826   0x00000002   PAD
    0x20001828   0x20001828   0x0000005e   Code   RO            6    .text.Timer_init    main.o
    0x20001886   0x20001886   0x00000002   PAD
    0x20001888   0x20001888   0x0000002a   Code   RO           10    .text.__NVIC_EnableIRQ  main.o
    0x200018b2   0x200018b2   0x00000002   PAD
    0x200018b4   0x200018b4   0x0000003a   Code   RO            8    .text.__NVIC_SetPriority  main.o
    0x200018ee   0x200018ee   0x00000002   PAD
    0x200018f0   0x200018f0   0x0000017a   Code   RO           24    .text.main          main.o
    0x20001a6a   0x20001a6a   0x00000002   PAD
    0x20001a6c   0x20001a6c   0x00000146   Code   RO           43    .text.mcpr_SetSysClock  _mcpr_stm32f407.o
    0x20001bb2   0x20001bb2   0x00000002   PAD
    0x20001bb4   0x20001bb4   0x0000000c   Code   RO           41    .text.mcpr_SetSystemCoreClock  _mcpr_stm32f407.o
    0x20001bc0   0x20001bc0   0x00000024   Code   RO           22    .text.switch_int    main.o
    0x20001be4   0x20001be4   0x00000020   Code   RO           60    .text.wait_us       display.o
    0x20001c04   0x20001c04   0x0000003e   Code   RO          266    CL$$btod_d2e        c_wu.l(btod.o)
    0x20001c42   0x20001c42   0x00000046   Code   RO          268    CL$$btod_d2e_denorm_low  c_wu.l(btod.o)
    0x20001c88   0x20001c88   0x00000060   Code   RO          267    CL$$btod_d2e_norm_op1  c_wu.l(btod.o)
    0x20001ce8   0x20001ce8   0x00000338   Code   RO          276    CL$$btod_div_common  c_wu.l(btod.o)
    0x20002020   0x20002020   0x000000dc   Code   RO          273    CL$$btod_e2e        c_wu.l(btod.o)
    0x200020fc   0x200020fc   0x0000002a   Code   RO          270    CL$$btod_ediv       c_wu.l(btod.o)
    0x20002126   0x20002126   0x0000002a   Code   RO          269    CL$$btod_emul       c_wu.l(btod.o)
    0x20002150   0x20002150   0x00000244   Code   RO          275    CL$$btod_mult_common  c_wu.l(btod.o)
    0x20002394   0x20002394   0x00000030   Code   RO          304    i.__ARM_fpclassify  m_wm.l(fpclassify.o)
    0x200023c4   0x200023c4   0x0000000e   Code   RO          176    i._is_digit         c_wu.l(__printf_wp.o)
    0x200023d2   0x200023d2   0x00000002   PAD
    0x200023d4   0x200023d4   0x0000002c   Code   RO          291    locale$$code        c_wu.l(lc_numeric_c.o)
    0x20002400   0x20002400   0x0000002c   Code   RO          314    locale$$code        c_wu.l(lc_ctype_c.o)
    0x2000242c   0x2000242c   0x0000001a   Code   RO          376    x$fpl$fpinit        fz_wm.l(fpinit.o)
    0x20002446   0x20002446   0x00000004   Code   RO          209    x$fpl$printf1       fz_wm.l(printf1.o)
    0x2000244a   0x2000244a   0x00000004   Code   RO          211    x$fpl$printf2       fz_wm.l(printf2.o)
    0x2000244e   0x2000244e   0x00000000   Code   RO          303    x$fpl$usenofp       fz_wm.l(usenofp.o)
    0x2000244e   0x2000244e   0x00000002   PAD
    0x20002450   0x20002450   0x00000008   Data   RO          135    .constdata          c_wu.l(_printf_wctomb.o)
    0x20002458   0x20002458   0x00000028   Data   RO          164    .constdata          c_wu.l(_printf_hex_int_ll_ptr.o)
    0x20002480   0x20002480   0x00000011   Data   RO          184    .constdata          c_wu.l(__printf_flags_ss_wp.o)
    0x20002491   0x20002491   0x00000026   Data   RO          241    .constdata          c_wu.l(_printf_fp_hex.o)
    0x200024b7   0x200024b7   0x00000001   PAD
    0x200024b8   0x200024b8   0x00000094   Data   RO          264    .constdata          c_wu.l(bigflt0.o)
    0x2000254c   0x2000254c   0x00000010   Data   RO          101    .rodata.AHBPrescTable  system_stm32f4xx.o
    0x2000255c   0x2000255c   0x00000003   Data   RO           32    .rodata.str1.1      main.o
    0x2000255f   0x2000255f   0x00000001   PAD
    0x20002560   0x20002560   0x00000020   Data   RO          451    Region$$Table       anon$$obj.o
    0x20002580   0x20002580   0x0000001c   Data   RO          290    locale$$data        c_wu.l(lc_numeric_c.o)
    0x2000259c   0x2000259c   0x00000110   Data   RO          313    locale$$data        c_wu.l(lc_ctype_c.o)


    Execution Region RW_IRAM1 (Exec base: 0x20010000, Load base: 0x200026b0, Size: 0x00000680, Max: 0x00010000, ABSOLUTE)

    Exec Addr    Load Addr    Size         Type   Attr      Idx    E Section Name        Object

    0x20010000   0x200026b0   0x00000004   Data   RW          100    .data.SystemCoreClock  system_stm32f4xx.o
    0x20010004   0x200026b4   0x00000004   PAD
    0x20010008        -       0x00000060   Zero   RW          307    .bss                c_wu.l(libspace.o)
    0x20010068        -       0x00000005   Zero   RW           31    .bss.disp_sec       main.o
    0x2001006d        -       0x00000001   Zero   RW           30    .bss.led_status     main.o
    0x2001006e   0x200026b4   0x00000002   PAD
    0x20010070        -       0x00000004   Zero   RW           27    .bss.ms_counter     main.o
    0x20010074        -       0x00000002   Zero   RW           29    .bss.ms_led_counter  main.o
    0x20010076   0x200026b4   0x00000002   PAD
    0x20010078        -       0x00000004   Zero   RW           28    .bss.ms_since_last_press  main.o
    0x2001007c   0x200026b4   0x00000004   PAD
    0x20010080        -       0x00000200   Zero   RW           87    HEAP                startup_stm32f407xx.o
    0x20010280        -       0x00000400   Zero   RW           86    STACK               startup_stm32f407xx.o


==============================================================================

Image component sizes


      Code (inc. data)   RO Data    RW Data    ZI Data      Debug   Object Name

       338          0          0          0          0       5591   _mcpr_stm32f407.o
       480          0          0          0          0       4460   display.o
       834          0          3          0         16       7005   main.o
        64         26        392          0       1536        884   startup_stm32f407xx.o
       320          0         16          4          0       2578   system_stm32f4xx.o

    ----------------------------------------------------------------------
      2056         26        444          4       1564      20518   Object Totals
         0          0         32          0          0          0   (incl. Generated)
        20          0          1          0         12          0   (incl. Padding)

    ----------------------------------------------------------------------

      Code (inc. data)   RO Data    RW Data    ZI Data      Debug   Library Member Name

         8          0          0          0          0         68   __main.o
       392          4         17          0          0         92   __printf_flags_ss_wp.o
        14          0          0          0          0         68   __printf_wp.o
         0          0          0          0          0          0   __rtentry.o
        12          0          0          0          0          0   __rtentry2.o
         6          0          0          0          0          0   __rtentry4.o
        94          8          0          0          0          0   __scatter.o
        26          0          0          0          0          0   __scatter_copy.o
        28          0          0          0          0          0   __scatter_zi.o
        72          0          0          0          0         96   _c32rtomb.o
         6          0          0          0          0          0   _printf_a.o
         6          0          0          0          0          0   _printf_c.o
        44          0          0          0          0        108   _printf_char.o
        48          6          0          0          0         96   _printf_char_common.o
        40          0          0          0          0         68   _printf_charcount.o
         6          0          0          0          0          0   _printf_d.o
       120         16          0          0          0         92   _printf_dec.o
         6          0          0          0          0          0   _printf_e.o
         6          0          0          0          0          0   _printf_f.o
      1052          0          0          0          0        148   _printf_fp_dec.o
       764          8         38          0          0        100   _printf_fp_hex.o
       128         16          0          0          0         84   _printf_fp_infnan.o
         6          0          0          0          0          0   _printf_g.o
       148          4         40          0          0        160   _printf_hex_int_ll_ptr.o
         6          0          0          0          0          0   _printf_i.o
       178          0          0          0          0         88   _printf_intcommon.o
        10          0          0          0          0          0   _printf_l.o
         6          0          0          0          0          0   _printf_lc.o
        10          0          0          0          0          0   _printf_ll.o
         6          0          0          0          0          0   _printf_lld.o
         6          0          0          0          0          0   _printf_lli.o
         6          0          0          0          0          0   _printf_llo.o
         6          0          0          0          0          0   _printf_llu.o
         6          0          0          0          0          0   _printf_llx.o
       124         16          0          0          0         92   _printf_longlong_dec.o
         6          0          0          0          0          0   _printf_ls.o
         6          0          0          0          0          0   _printf_n.o
         6          0          0          0          0          0   _printf_o.o
       112          8          0          0          0        124   _printf_oct_int_ll.o
         6          0          0          0          0          0   _printf_p.o
        78          0          0          0          0        108   _printf_pad.o
         0          0          0          0          0          0   _printf_percent.o
         4          0          0          0          0          0   _printf_percent_end.o
         6          0          0          0          0          0   _printf_s.o
        82          0          0          0          0         80   _printf_str.o
        36          0          0          0          0         84   _printf_truncate.o
         6          0          0          0          0          0   _printf_u.o
        44          0          0          0          0        108   _printf_wchar.o
       188          6          8          0          0         92   _printf_wctomb.o
         6          0          0          0          0          0   _printf_x.o
        10          0          0          0          0         68   _sputc.o
       228          4        148          0          0         96   bigflt0.o
      1936        128          0          0          0        668   btod.o
        18          0          0          0          0         80   exit.o
         6          0          0          0          0        152   heapauxi.o
         0          0          0          0          0          0   indicate_semi.o
        44         10        272          0          0         76   lc_ctype_c.o
        44         10         28          0          0         76   lc_numeric_c.o
         2          0          0          0          0          0   libinit.o
        34          0          0          0          0          0   libinit2.o
         2          0          0          0          0          0   libshutdown.o
         2          0          0          0          0          0   libshutdown2.o
         8          4          0          0         96         68   libspace.o
       138          0          0          0          0         80   lludiv10.o
        16          4          0          0          0         76   rt_ctype_table.o
         8          4          0          0          0         68   rt_locale_intlibspace.o
         2          0          0          0          0          0   rtexit.o
        10          0          0          0          0          0   rtexit2.o
        44          6          0          0          0         84   sprintf.o
       124          0          0          0          0         88   strcmpv7em.o
        12          4          0          0          0         68   sys_exit.o
        74          0          0          0          0         80   sys_stackheap_outer.o
         2          0          0          0          0         68   use_no_semi.o
        26          0          0          0          0        116   fpinit.o
         4          0          0          0          0        116   printf1.o
         4          0          0          0          0        116   printf2.o
         0          0          0          0          0          0   usenofp.o
        48          0          0          0          0        124   fpclassify.o

    ----------------------------------------------------------------------
      6848        266        552          0         96       4324   Library Totals
        20          0          1          0          0          0   (incl. Padding)

    ----------------------------------------------------------------------

      Code (inc. data)   RO Data    RW Data    ZI Data      Debug   Library Name

      6746        266        551          0         96       3852   c_wu.l
        34          0          0          0          0        348   fz_wm.l
        48          0          0          0          0        124   m_wm.l

    ----------------------------------------------------------------------
      6848        266        552          0         96       4324   Library Totals

    ----------------------------------------------------------------------

==============================================================================


      Code (inc. data)   RO Data    RW Data    ZI Data      Debug   

      8904        292        996          4       1660      22622   Grand Totals
      8904        292        996          4       1660      22622   ELF Image Totals
      8904        292        996          4          0          0   ROM Totals

==============================================================================

    Total RO  Size (Code + RO Data)                 9900 (   9.67kB)
    Total RW  Size (RW Data + ZI Data)              1664 (   1.62kB)
    Total ROM Size (Code + RO Data + RW Data)       9904 (   9.67kB)

==============================================================================

